#
# There is insufficient memory for the Java Runtime Environment to continue.
# Native memory allocation (malloc) failed to allocate 2117296 bytes. Error detail: Chunk::new
# Possible reasons:
#   The system is out of physical RAM or swap space
#   This process is running with CompressedOops enabled, and the Java Heap may be blocking the growth of the native heap
# Possible solutions:
#   Reduce memory load on the system
#   Increase physical memory or swap space
#   Check if swap backing store is full
#   Decrease Java heap size (-Xmx/-Xms)
#   Decrease number of Java threads
#   Decrease Java thread stack sizes (-Xss)
#   Set larger code cache with -XX:ReservedCodeCacheSize=
#   JVM is running with Unscaled Compressed Oops mode in which the Java heap is
#     placed in the first 4GB address space. The Java Heap base address is the
#     maximum limit for the native heap growth. Please use -XX:HeapBaseMinAddress
#     to set the Java Heap base and to place the Java Heap above 4GB virtual address.
# This output file may be truncated or incomplete.
#
#  Out of Memory Error (arena.cpp:168), pid=11624, tid=20644
#
# JRE version: OpenJDK Runtime Environment Temurin-21.0.8+9 (21.0.8+9) (build 21.0.8+9-LTS)
# Java VM: OpenJDK 64-Bit Server VM Temurin-21.0.8+9 (21.0.8+9-LTS, mixed mode, sharing, tiered, compressed oops, compressed class ptrs, parallel gc, windows-amd64)
# No core dump will be written. Minidumps are not enabled by default on client versions of Windows
#

---------------  S U M M A R Y ------------

Command Line: --add-modules=ALL-SYSTEM --add-opens=java.base/java.util=ALL-UNNAMED --add-opens=java.base/java.lang=ALL-UNNAMED --add-opens=java.base/sun.nio.fs=ALL-UNNAMED -Declipse.application=org.eclipse.jdt.ls.core.id1 -Dosgi.bundles.defaultStartLevel=4 -Declipse.product=org.eclipse.jdt.ls.core.product -Djava.import.generatesMetadataFilesAtProjectRoot=false -DDetectVMInstallationsJob.disabled=true -Dfile.encoding=utf8 -XX:+UseParallelGC -XX:GCTimeRatio=4 -XX:AdaptiveSizePolicyWeight=90 -Dsun.zip.disableMemoryMapping=true -Xmx2G -Xms100m -Xlog:disable -javaagent:c:\Users\user\.vscode\extensions\redhat.java-1.47.0-win32-x64\lombok\lombok-1.18.39-4050.jar -XX:+HeapDumpOnOutOfMemoryError -XX:HeapDumpPath=c:\Users\user\AppData\Roaming\Code\User\workspaceStorage\7304f01e7675067f7b34073d0c02201e\redhat.java -Daether.dependencyCollector.impl=bf c:\Users\user\.vscode\extensions\redhat.java-1.47.0-win32-x64\server\plugins\org.eclipse.equinox.launcher_1.7.100.v20251014-1222.jar -configuration c:\Users\user\AppData\Roaming\Code\User\globalStorage\redhat.java\1.47.0\config_win -data c:\Users\user\AppData\Roaming\Code\User\workspaceStorage\7304f01e7675067f7b34073d0c02201e\redhat.java\jdt_ws --pipe=\\.\pipe\lsp-f897f65eef79e5651b954b6faf0c6faa-sock

Host: 12th Gen Intel(R) Core(TM) i7-12650H, 16 cores, 7G,  Windows 11 , 64 bit Build 26100 (10.0.26100.6725)
Time: Sat Nov  1 16:30:08 2025 Malay Peninsula Standard Time elapsed time: 54.618721 seconds (0d 0h 0m 54s)

---------------  T H R E A D  ---------------

Current thread (0x00000199fe8d1290):  JavaThread "C2 CompilerThread0" daemon [_thread_in_native, id=20644, stack(0x0000003f1a200000,0x0000003f1a300000) (1024K)]


Current CompileTask:
C2:54618 9624 %     4       org.lombokweb.asm.SymbolTable::<init> @ 98 (554 bytes)

Stack: [0x0000003f1a200000,0x0000003f1a300000]
Native frames: (J=compiled Java code, j=interpreted, Vv=VM code, C=native code)
V  [jvm.dll+0x6d2449]
V  [jvm.dll+0x8ae341]
V  [jvm.dll+0x8b08be]
V  [jvm.dll+0x8b0fa3]
V  [jvm.dll+0x280c96]
V  [jvm.dll+0xc581d]
V  [jvm.dll+0xc5d53]
V  [jvm.dll+0x3b919c]
V  [jvm.dll+0x1e1409]
V  [jvm.dll+0x249022]
V  [jvm.dll+0x2484af]
V  [jvm.dll+0x1c89ee]
V  [jvm.dll+0x257d4d]
V  [jvm.dll+0x2562ea]
V  [jvm.dll+0x3f2d16]
V  [jvm.dll+0x857e6b]
V  [jvm.dll+0x6d0b0d]
C  [ucrtbase.dll+0x37b0]
C  [KERNEL32.DLL+0x2e8d7]
C  [ntdll.dll+0x8c53c]


---------------  P R O C E S S  ---------------

Threads class SMR info:
_java_thread_list=0x00000199cb5876d0, length=46, elements={
0x00000199ea08f700, 0x00000199fe8b8400, 0x00000199fe8b8f50, 0x00000199fe8bd260,
0x00000199fe8bf410, 0x00000199fe8c0190, 0x00000199fe8c0de0, 0x00000199fe8d1290,
0x00000199fe8f5da0, 0x00000199fea71460, 0x00000199c9066a90, 0x00000199c99ef700,
0x00000199c99efd90, 0x00000199c99f0420, 0x00000199c9d03780, 0x00000199c9d07fb0,
0x00000199c9d0a710, 0x00000199c9d0ada0, 0x00000199c9d0a080, 0x00000199c9d07920,
0x00000199c9d08cd0, 0x00000199c9d06570, 0x00000199c9d044a0, 0x00000199c9d04b30,
0x00000199c9d03e10, 0x00000199c9d08640, 0x00000199c9d06c00, 0x00000199c9d07290,
0x00000199c9d051c0, 0x00000199c9d05850, 0x00000199c9d09360, 0x00000199c9d05ee0,
0x00000199c9d099f0, 0x00000199c99ef070, 0x00000199c99ecfa0, 0x00000199c99ed630,
0x00000199c99ee350, 0x00000199c99ee9e0, 0x00000199c99edcc0, 0x00000199cb11d610,
0x00000199cb11dca0, 0x00000199cb11c260, 0x00000199cb11e330, 0x00000199cb11aeb0,
0x00000199cb11e9c0, 0x00000199cb11b540
}

Java Threads: ( => current thread )
  0x00000199ea08f700 JavaThread "main"                              [_thread_blocked, id=23272, stack(0x0000003f19800000,0x0000003f19900000) (1024K)]
  0x00000199fe8b8400 JavaThread "Reference Handler"          daemon [_thread_blocked, id=27176, stack(0x0000003f19c00000,0x0000003f19d00000) (1024K)]
  0x00000199fe8b8f50 JavaThread "Finalizer"                  daemon [_thread_blocked, id=7792, stack(0x0000003f19d00000,0x0000003f19e00000) (1024K)]
  0x00000199fe8bd260 JavaThread "Signal Dispatcher"          daemon [_thread_blocked, id=25684, stack(0x0000003f19e00000,0x0000003f19f00000) (1024K)]
  0x00000199fe8bf410 JavaThread "Attach Listener"            daemon [_thread_blocked, id=13076, stack(0x0000003f19f00000,0x0000003f1a000000) (1024K)]
  0x00000199fe8c0190 JavaThread "Service Thread"             daemon [_thread_blocked, id=21760, stack(0x0000003f1a000000,0x0000003f1a100000) (1024K)]
  0x00000199fe8c0de0 JavaThread "Monitor Deflation Thread"   daemon [_thread_blocked, id=28400, stack(0x0000003f1a100000,0x0000003f1a200000) (1024K)]
=>0x00000199fe8d1290 JavaThread "C2 CompilerThread0"         daemon [_thread_in_native, id=20644, stack(0x0000003f1a200000,0x0000003f1a300000) (1024K)]
  0x00000199fe8f5da0 JavaThread "C1 CompilerThread0"         daemon [_thread_blocked, id=23384, stack(0x0000003f1a300000,0x0000003f1a400000) (1024K)]
  0x00000199fea71460 JavaThread "Common-Cleaner"             daemon [_thread_blocked, id=2836, stack(0x0000003f1a700000,0x0000003f1a800000) (1024K)]
  0x00000199c9066a90 JavaThread "Notification Thread"        daemon [_thread_blocked, id=29404, stack(0x0000003f1aa00000,0x0000003f1ab00000) (1024K)]
  0x00000199c99ef700 JavaThread "Active Thread: Equinox Container: 260163eb-c743-483c-a284-85bed85a7186"        [_thread_blocked, id=11004, stack(0x0000003f1b700000,0x0000003f1b800000) (1024K)]
  0x00000199c99efd90 JavaThread "Framework Event Dispatcher: Equinox Container: 260163eb-c743-483c-a284-85bed85a7186" daemon [_thread_blocked, id=18088, stack(0x0000003f1a500000,0x0000003f1a600000) (1024K)]
  0x00000199c99f0420 JavaThread "Start Level: Equinox Container: 260163eb-c743-483c-a284-85bed85a7186" daemon [_thread_blocked, id=31088, stack(0x0000003f1a600000,0x0000003f1a700000) (1024K)]
  0x00000199c9d03780 JavaThread "Refresh Thread: Equinox Container: 260163eb-c743-483c-a284-85bed85a7186" daemon [_thread_blocked, id=19488, stack(0x0000003f1a900000,0x0000003f1aa00000) (1024K)]
  0x00000199c9d07fb0 JavaThread "Bundle File Closer"         daemon [_thread_blocked, id=32444, stack(0x0000003f1a800000,0x0000003f1a900000) (1024K)]
  0x00000199c9d0a710 JavaThread "SCR Component Actor"        daemon [_thread_blocked, id=2340, stack(0x0000003f1a400000,0x0000003f1a500000) (1024K)]
  0x00000199c9d0ada0 JavaThread "Worker-JM"                         [_thread_blocked, id=14068, stack(0x0000003f1ba00000,0x0000003f1bb00000) (1024K)]
  0x00000199c9d0a080 JavaThread "Worker-0"                          [_thread_blocked, id=21424, stack(0x0000003f1ca00000,0x0000003f1cb00000) (1024K)]
  0x00000199c9d07920 JavaThread "Worker-1: Java indexing... "        [_thread_blocked, id=25156, stack(0x0000003f1cb00000,0x0000003f1cc00000) (1024K)]
  0x00000199c9d08cd0 JavaThread "Java indexing"              daemon [_thread_blocked, id=20032, stack(0x0000003f1cc00000,0x0000003f1cd00000) (1024K)]
  0x00000199c9d06570 JavaThread "JNA Cleaner"                daemon [_thread_blocked, id=15332, stack(0x0000003f1b100000,0x0000003f1b200000) (1024K)]
  0x00000199c9d044a0 JavaThread "Worker-2"                          [_thread_blocked, id=32276, stack(0x0000003f1b400000,0x0000003f1b500000) (1024K)]
  0x00000199c9d04b30 JavaThread "Worker-3: Initialize Workspace"        [_thread_blocked, id=31128, stack(0x0000003f1b500000,0x0000003f1b600000) (1024K)]
  0x00000199c9d03e10 JavaThread "Thread-1"                   daemon [_thread_in_native, id=14524, stack(0x0000003f1b600000,0x0000003f1b700000) (1024K)]
  0x00000199c9d08640 JavaThread "Thread-2"                   daemon [_thread_in_native, id=10204, stack(0x0000003f1bb00000,0x0000003f1bc00000) (1024K)]
  0x00000199c9d06c00 JavaThread "Thread-3"                   daemon [_thread_in_native, id=13136, stack(0x0000003f1bc00000,0x0000003f1bd00000) (1024K)]
  0x00000199c9d07290 JavaThread "Thread-4"                   daemon [_thread_in_native, id=21788, stack(0x0000003f1bd00000,0x0000003f1be00000) (1024K)]
  0x00000199c9d051c0 JavaThread "Thread-5"                   daemon [_thread_in_native, id=19192, stack(0x0000003f1be00000,0x0000003f1bf00000) (1024K)]
  0x00000199c9d05850 JavaThread "Thread-6"                   daemon [_thread_in_native, id=12756, stack(0x0000003f1bf00000,0x0000003f1c000000) (1024K)]
  0x00000199c9d09360 JavaThread "Thread-7"                   daemon [_thread_in_native, id=12808, stack(0x0000003f1c000000,0x0000003f1c100000) (1024K)]
  0x00000199c9d05ee0 JavaThread "Thread-8"                   daemon [_thread_in_native, id=20260, stack(0x0000003f1c100000,0x0000003f1c200000) (1024K)]
  0x00000199c9d099f0 JavaThread "Thread-9"                   daemon [_thread_in_native, id=31200, stack(0x0000003f1c200000,0x0000003f1c300000) (1024K)]
  0x00000199c99ef070 JavaThread "Thread-10"                  daemon [_thread_in_native, id=9236, stack(0x0000003f1c300000,0x0000003f1c400000) (1024K)]
  0x00000199c99ecfa0 JavaThread "Thread-11"                  daemon [_thread_in_native, id=27344, stack(0x0000003f1c400000,0x0000003f1c500000) (1024K)]
  0x00000199c99ed630 JavaThread "Thread-12"                  daemon [_thread_in_native, id=14680, stack(0x0000003f1cd00000,0x0000003f1ce00000) (1024K)]
  0x00000199c99ee350 JavaThread "Thread-13"                  daemon [_thread_in_native, id=17720, stack(0x0000003f1ce00000,0x0000003f1cf00000) (1024K)]
  0x00000199c99ee9e0 JavaThread "Thread-14"                  daemon [_thread_in_native, id=12804, stack(0x0000003f1cf00000,0x0000003f1d000000) (1024K)]
  0x00000199c99edcc0 JavaThread "Thread-15"                  daemon [_thread_in_native, id=7852, stack(0x0000003f1d000000,0x0000003f1d100000) (1024K)]
  0x00000199cb11d610 JavaThread "Thread-16"                  daemon [_thread_in_native, id=22056, stack(0x0000003f1d100000,0x0000003f1d200000) (1024K)]
  0x00000199cb11dca0 JavaThread "Thread-17"                  daemon [_thread_in_native, id=17088, stack(0x0000003f1d200000,0x0000003f1d300000) (1024K)]
  0x00000199cb11c260 JavaThread "pool-2-thread-1"                   [_thread_blocked, id=29168, stack(0x0000003f1d300000,0x0000003f1d400000) (1024K)]
  0x00000199cb11e330 JavaThread "WorkspaceEventsHandler"            [_thread_blocked, id=16168, stack(0x0000003f1d400000,0x0000003f1d500000) (1024K)]
  0x00000199cb11aeb0 JavaThread "pool-1-thread-1"                   [_thread_blocked, id=14404, stack(0x0000003f1d500000,0x0000003f1d600000) (1024K)]
  0x00000199cb11e9c0 JavaThread "Worker-4"                          [_thread_blocked, id=30052, stack(0x0000003f1d600000,0x0000003f1d700000) (1024K)]
  0x00000199cb11b540 JavaThread "Worker-5"                          [_thread_blocked, id=32736, stack(0x0000003f1d800000,0x0000003f1d900000) (1024K)]
Total: 46

Other Threads:
  0x00000199fe8b22c0 VMThread "VM Thread"                           [id=14372, stack(0x0000003f19b00000,0x0000003f19c00000) (1024K)]
  0x00000199fd0bba00 WatcherThread "VM Periodic Task Thread"        [id=27684, stack(0x0000003f19a00000,0x0000003f19b00000) (1024K)]
  0x00000199ea0aca60 WorkerThread "GC Thread#0"                     [id=30752, stack(0x0000003f19900000,0x0000003f19a00000) (1024K)]
  0x00000199c99e3010 WorkerThread "GC Thread#1"                     [id=26500, stack(0x0000003f1ab00000,0x0000003f1ac00000) (1024K)]
  0x00000199c989cf40 WorkerThread "GC Thread#2"                     [id=22284, stack(0x0000003f1ac00000,0x0000003f1ad00000) (1024K)]
  0x00000199c989d2e0 WorkerThread "GC Thread#3"                     [id=31808, stack(0x0000003f1ad00000,0x0000003f1ae00000) (1024K)]
  0x00000199c99e33b0 WorkerThread "GC Thread#4"                     [id=29620, stack(0x0000003f1ae00000,0x0000003f1af00000) (1024K)]
  0x00000199c9326c50 WorkerThread "GC Thread#5"                     [id=2356, stack(0x0000003f1af00000,0x0000003f1b000000) (1024K)]
  0x00000199c99e3750 WorkerThread "GC Thread#6"                     [id=15876, stack(0x0000003f1b000000,0x0000003f1b100000) (1024K)]
  0x00000199c90b2ed0 WorkerThread "GC Thread#7"                     [id=16156, stack(0x0000003f1b800000,0x0000003f1b900000) (1024K)]
  0x00000199c9b28ba0 WorkerThread "GC Thread#8"                     [id=21716, stack(0x0000003f1c500000,0x0000003f1c600000) (1024K)]
  0x00000199c9b27980 WorkerThread "GC Thread#9"                     [id=32684, stack(0x0000003f1c600000,0x0000003f1c700000) (1024K)]
  0x00000199c9b280c0 WorkerThread "GC Thread#10"                    [id=19272, stack(0x0000003f1c700000,0x0000003f1c800000) (1024K)]
  0x00000199c9b27240 WorkerThread "GC Thread#11"                    [id=24700, stack(0x0000003f1c800000,0x0000003f1c900000) (1024K)]
  0x00000199ca224d50 WorkerThread "GC Thread#12"                    [id=30728, stack(0x0000003f1c900000,0x0000003f1ca00000) (1024K)]
Total: 15

Threads with active compile tasks:
C2 CompilerThread0  55071 9624 %     4       org.lombokweb.asm.SymbolTable::<init> @ 98 (554 bytes)
Total: 1

VM state: at safepoint (normal execution)

VM Mutex/Monitor currently owned by a thread:  ([mutex/lock_event])
[0x00007ffee35e5458] Threads_lock - owner thread: 0x00000199fe8b22c0
[0x00007ffee35e5558] Heap_lock - owner thread: 0x00000199c9d08cd0

Heap address: 0x0000000080000000, size: 2048 MB, Compressed Oops mode: 32-bit

CDS archive(s) mapped at: [0x0000019984000000-0x0000019984ba0000-0x0000019984ba0000), size 12189696, SharedBaseAddress: 0x0000019984000000, ArchiveRelocationMode: 1.
Compressed class space mapped at: 0x0000019985000000-0x00000199c5000000, reserved size: 1073741824
Narrow klass base: 0x0000019984000000, Narrow klass shift: 0, Narrow klass range: 0x100000000

GC Precious Log:
 CardTable entry size: 512
 CPUs: 16 total, 16 available
 Memory: 7896M
 Large Page Support: Disabled
 NUMA Support: Disabled
 Compressed Oops: Enabled (32-bit)
 Alignments: Space 512K, Generation 512K, Heap 2M
 Heap Min Capacity: 100M
 Heap Initial Capacity: 100M
 Heap Max Capacity: 2G
 Pre-touch: Disabled
 Parallel Workers: 13

Heap:
 PSYoungGen      total 7680K, used 1513K [0x00000000d5580000, 0x00000000d5f80000, 0x0000000100000000)
  eden space 6144K, 0% used [0x00000000d5580000,0x00000000d5580000,0x00000000d5b80000)
  from space 1536K, 98% used [0x00000000d5e00000,0x00000000d5f7a698,0x00000000d5f80000)
  to   space 2048K, 0% used [0x00000000d5c00000,0x00000000d5c00000,0x00000000d5e00000)
 ParOldGen       total 180224K, used 179993K [0x0000000080000000, 0x000000008b000000, 0x00000000d5580000)
  object space 180224K, 99% used [0x0000000080000000,0x000000008afc64e8,0x000000008b000000)
 Metaspace       used 59454K, committed 60672K, reserved 1114112K
  class space    used 6412K, committed 6976K, reserved 1048576K

Card table byte_map: [0x00000199fc520000,0x00000199fc930000] _byte_map_base: 0x00000199fc120000

Marking Bits: (ParMarkBitMap*) 0x00007ffee35ea340
 Begin Bits: [0x0000019980000000, 0x0000019982000000)
 End Bits:   [0x0000019982000000, 0x0000019984000000)

Polling page: 0x00000199e8880000

Metaspace:

Usage:
  Non-class:     51.80 MB used.
      Class:      6.26 MB used.
       Both:     58.06 MB used.

Virtual space:
  Non-class space:       64.00 MB reserved,      52.44 MB ( 82%) committed,  1 nodes.
      Class space:        1.00 GB reserved,       6.81 MB ( <1%) committed,  1 nodes.
             Both:        1.06 GB reserved,      59.25 MB (  5%) committed. 

Chunk freelists:
   Non-Class:  10.89 MB
       Class:  9.16 MB
        Both:  20.05 MB

MaxMetaspaceSize: unlimited
CompressedClassSpaceSize: 1.00 GB
Initial GC threshold: 21.00 MB
Current GC threshold: 97.31 MB
CDS: on
 - commit_granule_bytes: 65536.
 - commit_granule_words: 8192.
 - virtual_space_node_default_size: 8388608.
 - enlarge_chunks_in_place: 1.
 - use_allocation_guard: 0.


Internal statistics:

num_allocs_failed_limit: 9.
num_arena_births: 890.
num_arena_deaths: 14.
num_vsnodes_births: 2.
num_vsnodes_deaths: 0.
num_space_committed: 948.
num_space_uncommitted: 0.
num_chunks_returned_to_freelist: 23.
num_chunks_taken_from_freelist: 3288.
num_chunk_merges: 13.
num_chunk_splits: 2101.
num_chunks_enlarged: 1302.
num_inconsistent_stats: 0.

CodeHeap 'non-profiled nmethods': size=119168Kb used=5967Kb max_used=5967Kb free=113200Kb
 bounds [0x00000199f4ee0000, 0x00000199f54c0000, 0x00000199fc340000]
CodeHeap 'profiled nmethods': size=119104Kb used=18825Kb max_used=19117Kb free=100278Kb
 bounds [0x00000199ed340000, 0x00000199ee610000, 0x00000199f4790000]
CodeHeap 'non-nmethods': size=7488Kb used=1449Kb max_used=2954Kb free=6038Kb
 bounds [0x00000199f4790000, 0x00000199f4a80000, 0x00000199f4ee0000]
CodeCache: size=245760Kb, used=26241Kb, max_used=28038Kb, free=219516Kb
 total_blobs=9661, nmethods=8897, adapters=670, full_count=0
Compilation: enabled, stopped_count=0, restarted_count=0

Compilation events (20 events):
Event: 53.486 Thread 0x00000199fe8f5da0 9662       3       org.lombokweb.asm.MethodWriter::visitEnd (1 bytes)
Event: 53.486 Thread 0x00000199fe8f5da0 nmethod 9662 0x00000199edd6cf90 code [0x00000199edd6d120, 0x00000199edd6d228]
Event: 53.487 Thread 0x00000199fe8f5da0 9663       3       lombok.patcher.MethodLogistics::generateLoadOpcodeForParam (37 bytes)
Event: 53.487 Thread 0x00000199fe8f5da0 nmethod 9663 0x00000199edce0290 code [0x00000199edce0480, 0x00000199edce0a38]
Event: 53.499 Thread 0x00000199fe8f5da0 9665       3       org.lombokweb.asm.MethodWriter::visitIntInsn (113 bytes)
Event: 53.501 Thread 0x00000199fe8f5da0 nmethod 9665 0x00000199edd63110 code [0x00000199edd63300, 0x00000199edd63750]
Event: 53.503 Thread 0x00000199fe8f5da0 9666       3       org.lombokweb.asm.MethodVisitor::visitIntInsn (17 bytes)
Event: 53.503 Thread 0x00000199fe8f5da0 nmethod 9666 0x00000199ed847610 code [0x00000199ed8477c0, 0x00000199ed8479c8]
Event: 53.506 Thread 0x00000199fe8f5da0 9669       3       org.lombokweb.asm.Handler::putExceptionTable (63 bytes)
Event: 53.506 Thread 0x00000199fe8f5da0 nmethod 9669 0x00000199ed924b10 code [0x00000199ed924d20, 0x00000199ed925160]
Event: 53.515 Thread 0x00000199fe8f5da0 9675       3       org.lombokweb.asm.MethodVisitor::visitCode (15 bytes)
Event: 53.515 Thread 0x00000199fe8f5da0 nmethod 9675 0x00000199ed85c410 code [0x00000199ed85c5c0, 0x00000199ed85c7c8]
Event: 53.515 Thread 0x00000199fe8f5da0 9676       3       org.lombokweb.asm.MethodVisitor::visitMaxs (17 bytes)
Event: 53.515 Thread 0x00000199fe8f5da0 nmethod 9676 0x00000199ed8fc210 code [0x00000199ed8fc3c0, 0x00000199ed8fc5c8]
Event: 53.515 Thread 0x00000199fe8f5da0 9677       3       org.lombokweb.asm.MethodVisitor::visitEnd (15 bytes)
Event: 53.515 Thread 0x00000199fe8f5da0 nmethod 9677 0x00000199ed95af10 code [0x00000199ed95b0c0, 0x00000199ed95b2c8]
Event: 53.565 Thread 0x00000199fe8f5da0 9679       3       org.eclipse.jdt.core.Signature::createCharArrayTypeSignature (102 bytes)
Event: 53.566 Thread 0x00000199fe8f5da0 nmethod 9679 0x00000199ed4e3090 code [0x00000199ed4e3320, 0x00000199ed4e3eb0]
Event: 53.566 Thread 0x00000199fe8f5da0 9680       3       org.eclipse.jdt.internal.compiler.classfmt.ModuleInfo::readModuleAttribute (1166 bytes)
Event: 53.570 Thread 0x00000199fe8f5da0 nmethod 9680 0x00000199eddc5c10 code [0x00000199eddc6300, 0x00000199eddcc910]

GC Heap History (20 events):
Event: 53.490 GC heap before
{Heap before GC invocations=137 (full 3):
 PSYoungGen      total 4096K, used 3826K [0x00000000d5580000, 0x00000000d5b80000, 0x0000000100000000)
  eden space 3072K, 100% used [0x00000000d5580000,0x00000000d5880000,0x00000000d5880000)
  from space 1024K, 73% used [0x00000000d5880000,0x00000000d593cb90,0x00000000d5980000)
  to   space 1536K, 0% used [0x00000000d5a00000,0x00000000d5a00000,0x00000000d5b80000)
 ParOldGen       total 167424K, used 167102K [0x0000000080000000, 0x000000008a380000, 0x00000000d5580000)
  object space 167424K, 99% used [0x0000000080000000,0x000000008a32f818,0x000000008a380000)
 Metaspace       used 58704K, committed 59968K, reserved 1114112K
  class space    used 6349K, committed 6912K, reserved 1048576K
}
Event: 53.491 GC heap after
{Heap after GC invocations=137 (full 3):
 PSYoungGen      total 4608K, used 1254K [0x00000000d5580000, 0x00000000d5b80000, 0x0000000100000000)
  eden space 3072K, 0% used [0x00000000d5580000,0x00000000d5580000,0x00000000d5880000)
  from space 1536K, 81% used [0x00000000d5a00000,0x00000000d5b39978,0x00000000d5b80000)
  to   space 1536K, 0% used [0x00000000d5880000,0x00000000d5880000,0x00000000d5a00000)
 ParOldGen       total 167936K, used 167639K [0x0000000080000000, 0x000000008a400000, 0x00000000d5580000)
  object space 167936K, 99% used [0x0000000080000000,0x000000008a3b5ce8,0x000000008a400000)
 Metaspace       used 58704K, committed 59968K, reserved 1114112K
  class space    used 6349K, committed 6912K, reserved 1048576K
}
Event: 53.500 GC heap before
{Heap before GC invocations=138 (full 3):
 PSYoungGen      total 4608K, used 4326K [0x00000000d5580000, 0x00000000d5b80000, 0x0000000100000000)
  eden space 3072K, 100% used [0x00000000d5580000,0x00000000d5880000,0x00000000d5880000)
  from space 1536K, 81% used [0x00000000d5a00000,0x00000000d5b39978,0x00000000d5b80000)
  to   space 1536K, 0% used [0x00000000d5880000,0x00000000d5880000,0x00000000d5a00000)
 ParOldGen       total 167936K, used 167639K [0x0000000080000000, 0x000000008a400000, 0x00000000d5580000)
  object space 167936K, 99% used [0x0000000080000000,0x000000008a3b5ce8,0x000000008a400000)
 Metaspace       used 58705K, committed 59968K, reserved 1114112K
  class space    used 6349K, committed 6912K, reserved 1048576K
}
Event: 53.501 GC heap after
{Heap after GC invocations=138 (full 3):
 PSYoungGen      total 4608K, used 1292K [0x00000000d5580000, 0x00000000d5b80000, 0x0000000100000000)
  eden space 3072K, 0% used [0x00000000d5580000,0x00000000d5580000,0x00000000d5880000)
  from space 1536K, 84% used [0x00000000d5880000,0x00000000d59c3098,0x00000000d5a00000)
  to   space 1536K, 0% used [0x00000000d5a00000,0x00000000d5a00000,0x00000000d5b80000)
 ParOldGen       total 167936K, used 167886K [0x0000000080000000, 0x000000008a400000, 0x00000000d5580000)
  object space 167936K, 99% used [0x0000000080000000,0x000000008a3f3968,0x000000008a400000)
 Metaspace       used 58705K, committed 59968K, reserved 1114112K
  class space    used 6349K, committed 6912K, reserved 1048576K
}
Event: 53.504 GC heap before
{Heap before GC invocations=139 (full 3):
 PSYoungGen      total 4608K, used 4364K [0x00000000d5580000, 0x00000000d5b80000, 0x0000000100000000)
  eden space 3072K, 100% used [0x00000000d5580000,0x00000000d5880000,0x00000000d5880000)
  from space 1536K, 84% used [0x00000000d5880000,0x00000000d59c3098,0x00000000d5a00000)
  to   space 1536K, 0% used [0x00000000d5a00000,0x00000000d5a00000,0x00000000d5b80000)
 ParOldGen       total 167936K, used 167886K [0x0000000080000000, 0x000000008a400000, 0x00000000d5580000)
  object space 167936K, 99% used [0x0000000080000000,0x000000008a3f3968,0x000000008a400000)
 Metaspace       used 58705K, committed 59968K, reserved 1114112K
  class space    used 6349K, committed 6912K, reserved 1048576K
}
Event: 53.505 GC heap after
{Heap after GC invocations=139 (full 3):
 PSYoungGen      total 4608K, used 1346K [0x00000000d5580000, 0x00000000d5b80000, 0x0000000100000000)
  eden space 3072K, 0% used [0x00000000d5580000,0x00000000d5580000,0x00000000d5880000)
  from space 1536K, 87% used [0x00000000d5a00000,0x00000000d5b50a38,0x00000000d5b80000)
  to   space 1536K, 0% used [0x00000000d5880000,0x00000000d5880000,0x00000000d5a00000)
 ParOldGen       total 168448K, used 168163K [0x0000000080000000, 0x000000008a480000, 0x00000000d5580000)
  object space 168448K, 99% used [0x0000000080000000,0x000000008a438f10,0x000000008a480000)
 Metaspace       used 58705K, committed 59968K, reserved 1114112K
  class space    used 6349K, committed 6912K, reserved 1048576K
}
Event: 53.508 GC heap before
{Heap before GC invocations=140 (full 3):
 PSYoungGen      total 4608K, used 4418K [0x00000000d5580000, 0x00000000d5b80000, 0x0000000100000000)
  eden space 3072K, 100% used [0x00000000d5580000,0x00000000d5880000,0x00000000d5880000)
  from space 1536K, 87% used [0x00000000d5a00000,0x00000000d5b50a38,0x00000000d5b80000)
  to   space 1536K, 0% used [0x00000000d5880000,0x00000000d5880000,0x00000000d5a00000)
 ParOldGen       total 168448K, used 168163K [0x0000000080000000, 0x000000008a480000, 0x00000000d5580000)
  object space 168448K, 99% used [0x0000000080000000,0x000000008a438f10,0x000000008a480000)
 Metaspace       used 58705K, committed 59968K, reserved 1114112K
  class space    used 6349K, committed 6912K, reserved 1048576K
}
Event: 53.509 GC heap after
{Heap after GC invocations=140 (full 3):
 PSYoungGen      total 4608K, used 1520K [0x00000000d5580000, 0x00000000d5c80000, 0x0000000100000000)
  eden space 3072K, 0% used [0x00000000d5580000,0x00000000d5580000,0x00000000d5880000)
  from space 1536K, 98% used [0x00000000d5880000,0x00000000d59fc1a8,0x00000000d5a00000)
  to   space 2048K, 0% used [0x00000000d5a80000,0x00000000d5a80000,0x00000000d5c80000)
 ParOldGen       total 168960K, used 168492K [0x0000000080000000, 0x000000008a500000, 0x00000000d5580000)
  object space 168960K, 99% used [0x0000000080000000,0x000000008a48b118,0x000000008a500000)
 Metaspace       used 58705K, committed 59968K, reserved 1114112K
  class space    used 6349K, committed 6912K, reserved 1048576K
}
Event: 53.511 GC heap before
{Heap before GC invocations=141 (full 3):
 PSYoungGen      total 4608K, used 4592K [0x00000000d5580000, 0x00000000d5c80000, 0x0000000100000000)
  eden space 3072K, 99% used [0x00000000d5580000,0x00000000d587ffd0,0x00000000d5880000)
  from space 1536K, 98% used [0x00000000d5880000,0x00000000d59fc1a8,0x00000000d5a00000)
  to   space 2048K, 0% used [0x00000000d5a80000,0x00000000d5a80000,0x00000000d5c80000)
 ParOldGen       total 168960K, used 168492K [0x0000000080000000, 0x000000008a500000, 0x00000000d5580000)
  object space 168960K, 99% used [0x0000000080000000,0x000000008a48b118,0x000000008a500000)
 Metaspace       used 58705K, committed 59968K, reserved 1114112K
  class space    used 6349K, committed 6912K, reserved 1048576K
}
Event: 53.511 GC heap after
{Heap after GC invocations=141 (full 3):
 PSYoungGen      total 5632K, used 641K [0x00000000d5580000, 0x00000000d5c80000, 0x0000000100000000)
  eden space 3584K, 0% used [0x00000000d5580000,0x00000000d5580000,0x00000000d5900000)
  from space 2048K, 31% used [0x00000000d5a80000,0x00000000d5b20440,0x00000000d5c80000)
  to   space 1536K, 0% used [0x00000000d5900000,0x00000000d5900000,0x00000000d5a80000)
 ParOldGen       total 168960K, used 168834K [0x0000000080000000, 0x000000008a500000, 0x00000000d5580000)
  object space 168960K, 99% used [0x0000000080000000,0x000000008a4e0a80,0x000000008a500000)
 Metaspace       used 58705K, committed 59968K, reserved 1114112K
  class space    used 6349K, committed 6912K, reserved 1048576K
}
Event: 53.513 GC heap before
{Heap before GC invocations=142 (full 3):
 PSYoungGen      total 5632K, used 4177K [0x00000000d5580000, 0x00000000d5c80000, 0x0000000100000000)
  eden space 3584K, 98% used [0x00000000d5580000,0x00000000d58f4300,0x00000000d5900000)
  from space 2048K, 31% used [0x00000000d5a80000,0x00000000d5b20440,0x00000000d5c80000)
  to   space 1536K, 0% used [0x00000000d5900000,0x00000000d5900000,0x00000000d5a80000)
 ParOldGen       total 168960K, used 168834K [0x0000000080000000, 0x000000008a500000, 0x00000000d5580000)
  object space 168960K, 99% used [0x0000000080000000,0x000000008a4e0a80,0x000000008a500000)
 Metaspace       used 58705K, committed 59968K, reserved 1114112K
  class space    used 6349K, committed 6912K, reserved 1048576K
}
Event: 53.514 GC heap after
{Heap after GC invocations=142 (full 3):
 PSYoungGen      total 5120K, used 1181K [0x00000000d5580000, 0x00000000d5d00000, 0x0000000100000000)
  eden space 3584K, 0% used [0x00000000d5580000,0x00000000d5580000,0x00000000d5900000)
  from space 1536K, 76% used [0x00000000d5900000,0x00000000d5a27510,0x00000000d5a80000)
  to   space 1536K, 0% used [0x00000000d5b80000,0x00000000d5b80000,0x00000000d5d00000)
 ParOldGen       total 169472K, used 169076K [0x0000000080000000, 0x000000008a580000, 0x00000000d5580000)
  object space 169472K, 99% used [0x0000000080000000,0x000000008a51d220,0x000000008a580000)
 Metaspace       used 58705K, committed 59968K, reserved 1114112K
  class space    used 6349K, committed 6912K, reserved 1048576K
}
Event: 53.520 GC heap before
{Heap before GC invocations=143 (full 3):
 PSYoungGen      total 5120K, used 4765K [0x00000000d5580000, 0x00000000d5d00000, 0x0000000100000000)
  eden space 3584K, 100% used [0x00000000d5580000,0x00000000d5900000,0x00000000d5900000)
  from space 1536K, 76% used [0x00000000d5900000,0x00000000d5a27510,0x00000000d5a80000)
  to   space 1536K, 0% used [0x00000000d5b80000,0x00000000d5b80000,0x00000000d5d00000)
 ParOldGen       total 169472K, used 169076K [0x0000000080000000, 0x000000008a580000, 0x00000000d5580000)
  object space 169472K, 99% used [0x0000000080000000,0x000000008a51d220,0x000000008a580000)
 Metaspace       used 58707K, committed 59968K, reserved 1114112K
  class space    used 6349K, committed 6912K, reserved 1048576K
}
Event: 53.521 GC heap after
{Heap after GC invocations=143 (full 3):
 PSYoungGen      total 6144K, used 947K [0x00000000d5580000, 0x00000000d5d00000, 0x0000000100000000)
  eden space 4608K, 0% used [0x00000000d5580000,0x00000000d5580000,0x00000000d5a00000)
  from space 1536K, 61% used [0x00000000d5b80000,0x00000000d5c6ccf8,0x00000000d5d00000)
  to   space 1536K, 0% used [0x00000000d5a00000,0x00000000d5a00000,0x00000000d5b80000)
 ParOldGen       total 170496K, used 170396K [0x0000000080000000, 0x000000008a680000, 0x00000000d5580000)
  object space 170496K, 99% used [0x0000000080000000,0x000000008a667120,0x000000008a680000)
 Metaspace       used 58707K, committed 59968K, reserved 1114112K
  class space    used 6349K, committed 6912K, reserved 1048576K
}
Event: 53.546 GC heap before
{Heap before GC invocations=144 (full 3):
 PSYoungGen      total 6144K, used 5555K [0x00000000d5580000, 0x00000000d5d00000, 0x0000000100000000)
  eden space 4608K, 100% used [0x00000000d5580000,0x00000000d5a00000,0x00000000d5a00000)
  from space 1536K, 61% used [0x00000000d5b80000,0x00000000d5c6ccf8,0x00000000d5d00000)
  to   space 1536K, 0% used [0x00000000d5a00000,0x00000000d5a00000,0x00000000d5b80000)
 ParOldGen       total 170496K, used 170396K [0x0000000080000000, 0x000000008a680000, 0x00000000d5580000)
  object space 170496K, 99% used [0x0000000080000000,0x000000008a667120,0x000000008a680000)
 Metaspace       used 58873K, committed 60096K, reserved 1114112K
  class space    used 6351K, committed 6912K, reserved 1048576K
}
Event: 53.547 GC heap after
{Heap after GC invocations=144 (full 3):
 PSYoungGen      total 5632K, used 608K [0x00000000d5580000, 0x00000000d5c00000, 0x0000000100000000)
  eden space 4608K, 0% used [0x00000000d5580000,0x00000000d5580000,0x00000000d5a00000)
  from space 1024K, 59% used [0x00000000d5a00000,0x00000000d5a98000,0x00000000d5b00000)
  to   space 1024K, 0% used [0x00000000d5b00000,0x00000000d5b00000,0x00000000d5c00000)
 ParOldGen       total 171520K, used 171176K [0x0000000080000000, 0x000000008a780000, 0x00000000d5580000)
  object space 171520K, 99% used [0x0000000080000000,0x000000008a72a180,0x000000008a780000)
 Metaspace       used 58873K, committed 60096K, reserved 1114112K
  class space    used 6351K, committed 6912K, reserved 1048576K
}
Event: 53.563 GC heap before
{Heap before GC invocations=145 (full 3):
 PSYoungGen      total 5632K, used 5216K [0x00000000d5580000, 0x00000000d5c00000, 0x0000000100000000)
  eden space 4608K, 100% used [0x00000000d5580000,0x00000000d5a00000,0x00000000d5a00000)
  from space 1024K, 59% used [0x00000000d5a00000,0x00000000d5a98000,0x00000000d5b00000)
  to   space 1024K, 0% used [0x00000000d5b00000,0x00000000d5b00000,0x00000000d5c00000)
 ParOldGen       total 171520K, used 171177K [0x0000000080000000, 0x000000008a780000, 0x00000000d5580000)
  object space 171520K, 99% used [0x0000000080000000,0x000000008a72a400,0x000000008a780000)
 Metaspace       used 58973K, committed 60160K, reserved 1114112K
  class space    used 6362K, committed 6912K, reserved 1048576K
}
Event: 53.564 GC heap after
{Heap after GC invocations=145 (full 3):
 PSYoungGen      total 4608K, used 997K [0x00000000d5580000, 0x00000000d5e00000, 0x0000000100000000)
  eden space 3584K, 0% used [0x00000000d5580000,0x00000000d5580000,0x00000000d5900000)
  from space 1024K, 97% used [0x00000000d5b00000,0x00000000d5bf9720,0x00000000d5c00000)
  to   space 2048K, 0% used [0x00000000d5900000,0x00000000d5900000,0x00000000d5b00000)
 ParOldGen       total 172032K, used 171660K [0x0000000080000000, 0x000000008a800000, 0x00000000d5580000)
  object space 172032K, 99% used [0x0000000080000000,0x000000008a7a3180,0x000000008a800000)
 Metaspace       used 58973K, committed 60160K, reserved 1114112K
  class space    used 6362K, committed 6912K, reserved 1048576K
}
Event: 53.581 GC heap before
{Heap before GC invocations=146 (full 3):
 PSYoungGen      total 4608K, used 4581K [0x00000000d5580000, 0x00000000d5e00000, 0x0000000100000000)
  eden space 3584K, 100% used [0x00000000d5580000,0x00000000d5900000,0x00000000d5900000)
  from space 1024K, 97% used [0x00000000d5b00000,0x00000000d5bf9720,0x00000000d5c00000)
  to   space 2048K, 0% used [0x00000000d5900000,0x00000000d5900000,0x00000000d5b00000)
 ParOldGen       total 172032K, used 171663K [0x0000000080000000, 0x000000008a800000, 0x00000000d5580000)
  object space 172032K, 99% used [0x0000000080000000,0x000000008a7a3cb0,0x000000008a800000)
 Metaspace       used 59072K, committed 60288K, reserved 1114112K
  class space    used 6372K, committed 6912K, reserved 1048576K
}
Event: 54.595 GC heap after
{Heap after GC invocations=146 (full 3):
 PSYoungGen      total 5632K, used 848K [0x00000000d5580000, 0x00000000d5d00000, 0x0000000100000000)
  eden space 3584K, 0% used [0x00000000d5580000,0x00000000d5580000,0x00000000d5900000)
  from space 2048K, 41% used [0x00000000d5900000,0x00000000d59d4238,0x00000000d5b00000)
  to   space 1536K, 0% used [0x00000000d5b80000,0x00000000d5b80000,0x00000000d5d00000)
 ParOldGen       total 172544K, used 172542K [0x0000000080000000, 0x000000008a880000, 0x00000000d5580000)
  object space 172544K, 99% used [0x0000000080000000,0x000000008a87f820,0x000000008a880000)
 Metaspace       used 59072K, committed 60288K, reserved 1114112K
  class space    used 6372K, committed 6912K, reserved 1048576K
}

Dll operation events (14 events):
Event: 0.102 Loaded shared library c:\Users\user\.vscode\extensions\redhat.java-1.47.0-win32-x64\jre\21.0.8-win32-x86_64\bin\java.dll
Event: 0.203 Loaded shared library c:\Users\user\.vscode\extensions\redhat.java-1.47.0-win32-x64\jre\21.0.8-win32-x86_64\bin\zip.dll
Event: 0.221 Loaded shared library C:\Users\user\.vscode\extensions\redhat.java-1.47.0-win32-x64\jre\21.0.8-win32-x86_64\bin\instrument.dll
Event: 0.230 Loaded shared library C:\Users\user\.vscode\extensions\redhat.java-1.47.0-win32-x64\jre\21.0.8-win32-x86_64\bin\net.dll
Event: 0.240 Loaded shared library C:\Users\user\.vscode\extensions\redhat.java-1.47.0-win32-x64\jre\21.0.8-win32-x86_64\bin\nio.dll
Event: 0.242 Loaded shared library C:\Users\user\.vscode\extensions\redhat.java-1.47.0-win32-x64\jre\21.0.8-win32-x86_64\bin\zip.dll
Event: 0.257 Loaded shared library C:\Users\user\.vscode\extensions\redhat.java-1.47.0-win32-x64\jre\21.0.8-win32-x86_64\bin\jimage.dll
Event: 0.322 Loaded shared library c:\Users\user\.vscode\extensions\redhat.java-1.47.0-win32-x64\jre\21.0.8-win32-x86_64\bin\verify.dll
Event: 9.249 Loaded shared library C:\Users\user\AppData\Roaming\Code\User\globalStorage\redhat.java\1.47.0\config_win\org.eclipse.equinox.launcher\org.eclipse.equinox.launcher.win32.win32.x86_64_1.2.1400.v20250801-0854\eclipse_11916.dll
Event: 18.533 Loaded shared library C:\Users\user\.vscode\extensions\redhat.java-1.47.0-win32-x64\jre\21.0.8-win32-x86_64\bin\management.dll
Event: 18.534 Loaded shared library C:\Users\user\.vscode\extensions\redhat.java-1.47.0-win32-x64\jre\21.0.8-win32-x86_64\bin\management_ext.dll
Event: 19.413 Loaded shared library C:\Users\user\AppData\Local\Temp\jna-3599307\jna2081426065615190218.dll
Event: 19.690 Loaded shared library C:\Users\user\.vscode\extensions\redhat.java-1.47.0-win32-x64\jre\21.0.8-win32-x86_64\bin\sunmscapi.dll
Event: 19.987 Loaded shared library C:\Users\user\.vscode\extensions\redhat.java-1.47.0-win32-x64\jre\21.0.8-win32-x86_64\bin\extnet.dll

Deoptimization events (20 events):
Event: 53.061 Thread 0x00000199c9d08cd0 DEOPT PACKING pc=0x00000199f54a7584 sp=0x0000003f1ccfe680
Event: 53.061 Thread 0x00000199c9d08cd0 DEOPT UNPACKING pc=0x00000199f47e3aa2 sp=0x0000003f1ccfe628 mode 2
Event: 53.316 Thread 0x00000199c9d04b30 DEOPT PACKING pc=0x00000199ed748759 sp=0x0000003f1b5fbe90
Event: 53.316 Thread 0x00000199c9d04b30 DEOPT UNPACKING pc=0x00000199f47e4242 sp=0x0000003f1b5fb328 mode 0
Event: 53.439 Thread 0x00000199c9d04b30 Uncommon trap: trap_request=0xffffffde fr.pc=0x00000199f50c65dc relative=0x000000000000841c
Event: 53.439 Thread 0x00000199c9d04b30 Uncommon trap: reason=class_check action=maybe_recompile pc=0x00000199f50c65dc method=lombok.patcher.PatchScript$MethodPatcher.visitMethod(ILjava/lang/String;Ljava/lang/String;Ljava/lang/String;[Ljava/lang/String;)Lorg/lombokweb/asm/MethodVisitor; @ 101 c
Event: 53.439 Thread 0x00000199c9d04b30 DEOPT PACKING pc=0x00000199f50c65dc sp=0x0000003f1b5fc310
Event: 53.439 Thread 0x00000199c9d04b30 DEOPT UNPACKING pc=0x00000199f47e3aa2 sp=0x0000003f1b5fc2b8 mode 2
Event: 53.440 Thread 0x00000199c9d04b30 Uncommon trap: trap_request=0xffffffde fr.pc=0x00000199f50c65dc relative=0x000000000000841c
Event: 53.440 Thread 0x00000199c9d04b30 Uncommon trap: reason=class_check action=maybe_recompile pc=0x00000199f50c65dc method=lombok.patcher.PatchScript$MethodPatcher.visitMethod(ILjava/lang/String;Ljava/lang/String;Ljava/lang/String;[Ljava/lang/String;)Lorg/lombokweb/asm/MethodVisitor; @ 101 c
Event: 53.440 Thread 0x00000199c9d04b30 DEOPT PACKING pc=0x00000199f50c65dc sp=0x0000003f1b5fc310
Event: 53.440 Thread 0x00000199c9d04b30 DEOPT UNPACKING pc=0x00000199f47e3aa2 sp=0x0000003f1b5fc2b8 mode 2
Event: 53.440 Thread 0x00000199c9d04b30 Uncommon trap: trap_request=0xffffffde fr.pc=0x00000199f50c65dc relative=0x000000000000841c
Event: 53.440 Thread 0x00000199c9d04b30 Uncommon trap: reason=class_check action=maybe_recompile pc=0x00000199f50c65dc method=lombok.patcher.PatchScript$MethodPatcher.visitMethod(ILjava/lang/String;Ljava/lang/String;Ljava/lang/String;[Ljava/lang/String;)Lorg/lombokweb/asm/MethodVisitor; @ 101 c
Event: 53.440 Thread 0x00000199c9d04b30 DEOPT PACKING pc=0x00000199f50c65dc sp=0x0000003f1b5fc310
Event: 53.440 Thread 0x00000199c9d04b30 DEOPT UNPACKING pc=0x00000199f47e3aa2 sp=0x0000003f1b5fc2b8 mode 2
Event: 53.440 Thread 0x00000199c9d04b30 Uncommon trap: trap_request=0xffffffde fr.pc=0x00000199f50c65dc relative=0x000000000000841c
Event: 53.440 Thread 0x00000199c9d04b30 Uncommon trap: reason=class_check action=maybe_recompile pc=0x00000199f50c65dc method=lombok.patcher.PatchScript$MethodPatcher.visitMethod(ILjava/lang/String;Ljava/lang/String;Ljava/lang/String;[Ljava/lang/String;)Lorg/lombokweb/asm/MethodVisitor; @ 101 c
Event: 53.440 Thread 0x00000199c9d04b30 DEOPT PACKING pc=0x00000199f50c65dc sp=0x0000003f1b5fc310
Event: 53.440 Thread 0x00000199c9d04b30 DEOPT UNPACKING pc=0x00000199f47e3aa2 sp=0x0000003f1b5fc2b8 mode 2

Classes loaded (20 events):
Event: 43.105 Loading class com/sun/org/apache/xerces/internal/impl/msg/XMLMessages
Event: 43.105 Loading class com/sun/org/apache/xerces/internal/impl/msg/XMLMessages done
Event: 43.106 Loading class com/sun/org/apache/xerces/internal/impl/msg/XMLMessages
Event: 43.106 Loading class com/sun/org/apache/xerces/internal/impl/msg/XMLMessages done
Event: 43.108 Loading class com/sun/org/apache/xerces/internal/impl/msg/XMLMessages_en
Event: 43.109 Loading class com/sun/org/apache/xerces/internal/impl/msg/XMLMessages_en done
Event: 43.109 Loading class com/sun/org/apache/xerces/internal/impl/msg/XMLMessages_en
Event: 43.109 Loading class com/sun/org/apache/xerces/internal/impl/msg/XMLMessages_en done
Event: 43.110 Loading class com/sun/org/apache/xerces/internal/impl/msg/XMLMessages_en_PH
Event: 43.110 Loading class com/sun/org/apache/xerces/internal/impl/msg/XMLMessages_en_PH done
Event: 43.110 Loading class com/sun/org/apache/xerces/internal/impl/msg/XMLMessages_en_PH
Event: 43.110 Loading class com/sun/org/apache/xerces/internal/impl/msg/XMLMessages_en_PH done
Event: 43.156 Loading class java/util/WeakHashMap$KeyIterator
Event: 43.159 Loading class java/util/WeakHashMap$KeyIterator done
Event: 43.312 Loading class java/util/Hashtable$KeySet
Event: 43.314 Loading class java/util/Hashtable$KeySet done
Event: 43.793 Loading class java/lang/UnsupportedClassVersionError
Event: 43.795 Loading class java/lang/UnsupportedClassVersionError done
Event: 46.664 Loading class java/util/regex/Pattern$Caret
Event: 46.665 Loading class java/util/regex/Pattern$Caret done

Classes unloaded (7 events):
Event: 18.853 Thread 0x00000199fe8b22c0 Unloading class 0x00000199851b8800 'java/lang/invoke/LambdaForm$MH+0x00000199851b8800'
Event: 18.853 Thread 0x00000199fe8b22c0 Unloading class 0x00000199851b8400 'java/lang/invoke/LambdaForm$MH+0x00000199851b8400'
Event: 18.853 Thread 0x00000199fe8b22c0 Unloading class 0x00000199851b8000 'java/lang/invoke/LambdaForm$MH+0x00000199851b8000'
Event: 18.853 Thread 0x00000199fe8b22c0 Unloading class 0x00000199851b7c00 'java/lang/invoke/LambdaForm$MH+0x00000199851b7c00'
Event: 18.853 Thread 0x00000199fe8b22c0 Unloading class 0x00000199851b7800 'java/lang/invoke/LambdaForm$BMH+0x00000199851b7800'
Event: 18.853 Thread 0x00000199fe8b22c0 Unloading class 0x00000199851b7400 'java/lang/invoke/LambdaForm$DMH+0x00000199851b7400'
Event: 18.853 Thread 0x00000199fe8b22c0 Unloading class 0x00000199851b6000 'java/lang/invoke/LambdaForm$DMH+0x00000199851b6000'

Classes redefined (0 events):
No events

Internal exceptions (20 events):
Event: 40.943 Thread 0x00000199c9d04b30 Exception <a 'sun/nio/fs/WindowsException'{0x00000000d65fb3c8}> (0x00000000d65fb3c8) 
thrown [s\src\hotspot\share\prims\jni.cpp, line 520]
Event: 40.994 Thread 0x00000199c9d04b30 Exception <a 'java/io/FileNotFoundException'{0x00000000d660ab98}> (0x00000000d660ab98) 
thrown [s\src\hotspot\share\prims\jni.cpp, line 520]
Event: 40.996 Thread 0x00000199c9d04b30 Exception <a 'java/io/FileNotFoundException'{0x00000000d660bba8}> (0x00000000d660bba8) 
thrown [s\src\hotspot\share\prims\jni.cpp, line 520]
Event: 41.138 Thread 0x00000199c9d04b30 Exception <a 'java/lang/NoSuchMethodError'{0x00000000d562fd40}: 'java.lang.Object java.lang.invoke.DelegatingMethodHandle$Holder.reinvoke_L(java.lang.Object, int, long, java.lang.Object, java.lang.Object, int, java.lang.Object)'> (0x00000000d562fd40) 
thrown [s\src\hotspot\share\interpreter\linkResolver.cpp, line 773]
Event: 41.408 Thread 0x00000199c9d04b30 Exception <a 'java/lang/NoSuchMethodError'{0x00000000d5bc30c0}: 'java.lang.Object java.lang.invoke.Invokers$Holder.invoke_MT(java.lang.Object, java.lang.Object, java.lang.Object, java.lang.Object, java.lang.Object, java.lang.Object, java.lang.Object, java.lang.Object, java.lang.Object, java.lang.Object)'> (0x00000000d5bc30c0) 
thrown [s\src\hotspot\share\interpreter\linkResolver.cpp, line 773]
Event: 42.987 Thread 0x00000199c9d044a0 Exception <a 'java/lang/ClassNotFoundException'{0x00000000d566f188}: com/sun/org/apache/xerces/internal/impl/msg/spi/DOMMessagesProvider> (0x00000000d566f188) 
thrown [s\src\hotspot\share\classfile\systemDictionary.cpp, line 312]
Event: 43.093 Thread 0x00000199c9d044a0 Exception <a 'java/lang/ClassNotFoundException'{0x00000000d5682ab0}: com/sun/org/apache/xerces/internal/impl/msg/spi/XMLSerializerMessagesProvider> (0x00000000d5682ab0) 
thrown [s\src\hotspot\share\classfile\systemDictionary.cpp, line 312]
Event: 43.105 Thread 0x00000199c9d044a0 Exception <a 'java/lang/ClassNotFoundException'{0x00000000d5691880}: com/sun/org/apache/xerces/internal/impl/msg/spi/XMLMessagesProvider> (0x00000000d5691880) 
thrown [s\src\hotspot\share\classfile\systemDictionary.cpp, line 312]
Event: 43.135 Thread 0x00000199c9d044a0 Exception <a 'sun/nio/fs/WindowsException'{0x00000000d581e258}> (0x00000000d581e258) 
thrown [s\src\hotspot\share\prims\jni.cpp, line 520]
Event: 43.145 Thread 0x00000199c9d044a0 Exception <a 'sun/nio/fs/WindowsException'{0x00000000d5a9b048}> (0x00000000d5a9b048) 
thrown [s\src\hotspot\share\prims\jni.cpp, line 520]
Event: 43.150 Thread 0x00000199c9d044a0 Exception <a 'java/io/FileNotFoundException'{0x00000000d5bb7c48}> (0x00000000d5bb7c48) 
thrown [s\src\hotspot\share\prims\jni.cpp, line 520]
Event: 43.177 Thread 0x00000199c9d044a0 Exception <a 'java/io/FileNotFoundException'{0x00000000d5f6fd10}> (0x00000000d5f6fd10) 
thrown [s\src\hotspot\share\prims\jni.cpp, line 520]
Event: 43.179 Thread 0x00000199c9d044a0 Exception <a 'java/io/FileNotFoundException'{0x00000000d6025678}> (0x00000000d6025678) 
thrown [s\src\hotspot\share\prims\jni.cpp, line 520]
Event: 43.180 Thread 0x00000199c9d044a0 Exception <a 'java/io/FileNotFoundException'{0x00000000d6026870}> (0x00000000d6026870) 
thrown [s\src\hotspot\share\prims\jni.cpp, line 520]
Event: 43.830 Thread 0x00000199c9d04b30 Exception <a 'java/lang/NoSuchMethodError'{0x00000000d6543158}: 'int java.lang.invoke.Invokers$Holder.invokeExact_MT(java.lang.Object, java.lang.Object)'> (0x00000000d6543158) 
thrown [s\src\hotspot\share\interpreter\linkResolver.cpp, line 773]
Event: 44.115 Thread 0x00000199c9d08cd0 Implicit null exception at 0x00000199f5349ae9 to 0x00000199f5349cbc
Event: 46.466 Thread 0x00000199c9d08cd0 Implicit null exception at 0x00000199f53f27b2 to 0x00000199f53f71e0
Event: 52.826 Thread 0x00000199c9d04b30 Exception <a 'java/lang/NoSuchMethodError'{0x00000000d5580420}: 'java.lang.Object java.lang.invoke.DirectMethodHandle$Holder.invokeStatic(java.lang.Object, java.lang.Object, int, int)'> (0x00000000d5580420) 
thrown [s\src\hotspot\share\interpreter\linkResolver.cpp, line 773]
Event: 52.827 Thread 0x00000199c9d04b30 Exception <a 'java/lang/NoSuchMethodError'{0x00000000d566e4e0}: 'java.lang.Object java.lang.invoke.DirectMethodHandle$Holder.invokeSpecial(java.lang.Object, java.lang.Object, java.lang.Object, int, int)'> (0x00000000d566e4e0) 
thrown [s\src\hotspot\share\interpreter\linkResolver.cpp, line 773]
Event: 52.827 Thread 0x00000199c9d04b30 Implicit null exception at 0x00000199f5364faa to 0x00000199f5365274

ZGC Phase Switch (0 events):
No events

VM Operations (20 events):
Event: 53.499 Executing VM operation: ParallelGCFailedAllocation (Allocation Failure)
Event: 53.501 Executing VM operation: ParallelGCFailedAllocation (Allocation Failure) done
Event: 53.504 Executing VM operation: ParallelGCFailedAllocation (Allocation Failure)
Event: 53.505 Executing VM operation: ParallelGCFailedAllocation (Allocation Failure) done
Event: 53.508 Executing VM operation: ParallelGCFailedAllocation (Allocation Failure)
Event: 53.509 Executing VM operation: ParallelGCFailedAllocation (Allocation Failure) done
Event: 53.511 Executing VM operation: ParallelGCFailedAllocation (Allocation Failure)
Event: 53.511 Executing VM operation: ParallelGCFailedAllocation (Allocation Failure) done
Event: 53.513 Executing VM operation: ParallelGCFailedAllocation (Allocation Failure)
Event: 53.514 Executing VM operation: ParallelGCFailedAllocation (Allocation Failure) done
Event: 53.520 Executing VM operation: ParallelGCFailedAllocation (Allocation Failure)
Event: 53.521 Executing VM operation: ParallelGCFailedAllocation (Allocation Failure) done
Event: 53.528 Executing VM operation: ParallelGCFailedAllocation (Allocation Failure)
Event: 53.547 Executing VM operation: ParallelGCFailedAllocation (Allocation Failure) done
Event: 53.563 Executing VM operation: ParallelGCFailedAllocation (Allocation Failure)
Event: 53.563 Executing VM operation: ParallelGCFailedAllocation (Allocation Failure) done
Event: 53.563 Executing VM operation: ParallelGCSystemGC (GCLocker Initiated GC)
Event: 53.564 Executing VM operation: ParallelGCSystemGC (GCLocker Initiated GC) done
Event: 53.581 Executing VM operation: ParallelGCFailedAllocation (Allocation Failure)
Event: 54.595 Executing VM operation: ParallelGCFailedAllocation (Allocation Failure) done

Memory protections (0 events):
No events

Nmethod flushes (20 events):
Event: 52.636 Thread 0x00000199fe8b22c0 flushing  nmethod 0x00000199edd5ae90
Event: 52.636 Thread 0x00000199fe8b22c0 flushing  nmethod 0x00000199edd5b590
Event: 52.636 Thread 0x00000199fe8b22c0 flushing  nmethod 0x00000199edd63110
Event: 52.636 Thread 0x00000199fe8b22c0 flushing  nmethod 0x00000199edd63590
Event: 52.636 Thread 0x00000199fe8b22c0 flushing  nmethod 0x00000199edd6cf90
Event: 52.636 Thread 0x00000199fe8b22c0 flushing  nmethod 0x00000199edd7c610
Event: 52.636 Thread 0x00000199fe8b22c0 flushing  nmethod 0x00000199edd96610
Event: 52.636 Thread 0x00000199fe8b22c0 flushing  nmethod 0x00000199edd99490
Event: 52.636 Thread 0x00000199fe8b22c0 flushing  nmethod 0x00000199edd9a810
Event: 52.636 Thread 0x00000199fe8b22c0 flushing  nmethod 0x00000199edd9ae10
Event: 52.636 Thread 0x00000199fe8b22c0 flushing  nmethod 0x00000199edd9b690
Event: 52.636 Thread 0x00000199fe8b22c0 flushing  nmethod 0x00000199edd9d810
Event: 52.636 Thread 0x00000199fe8b22c0 flushing  nmethod 0x00000199eddbf590
Event: 52.636 Thread 0x00000199fe8b22c0 flushing  nmethod 0x00000199eddc0c90
Event: 52.636 Thread 0x00000199fe8b22c0 flushing  nmethod 0x00000199edde2690
Event: 52.636 Thread 0x00000199fe8b22c0 flushing  nmethod 0x00000199ede1e190
Event: 52.636 Thread 0x00000199fe8b22c0 flushing  nmethod 0x00000199ede5b290
Event: 52.636 Thread 0x00000199fe8b22c0 flushing  nmethod 0x00000199ede68810
Event: 52.636 Thread 0x00000199fe8b22c0 flushing  nmethod 0x00000199ede79a10
Event: 52.636 Thread 0x00000199fe8b22c0 flushing  nmethod 0x00000199ede91410

Events (20 events):
Event: 26.653 Thread 0x00000199c99f0420 Thread added: 0x00000199c97f3080
Event: 26.653 Thread 0x00000199c99f0420 Thread added: 0x00000199c97f0920
Event: 26.653 Thread 0x00000199cb11aeb0 Thread added: 0x00000199c97f2360
Event: 30.993 Thread 0x00000199cb120400 Thread exited: 0x00000199cb120400
Event: 37.108 Thread 0x00000199c97f0920 Thread exited: 0x00000199c97f0920
Event: 37.108 Thread 0x00000199cb11f6e0 Thread exited: 0x00000199cb11f6e0
Event: 37.108 Thread 0x00000199cb121e40 Thread exited: 0x00000199cb121e40
Event: 37.108 Thread 0x00000199c97f1cd0 Thread exited: 0x00000199c97f1cd0
Event: 37.108 Thread 0x00000199cb1217b0 Thread exited: 0x00000199cb1217b0
Event: 37.108 Thread 0x00000199cb120a90 Thread exited: 0x00000199cb120a90
Event: 37.108 Thread 0x00000199cb11bbd0 Thread exited: 0x00000199cb11bbd0
Event: 37.108 Thread 0x00000199cb11cf80 Thread exited: 0x00000199cb11cf80
Event: 37.108 Thread 0x00000199cb1224d0 Thread exited: 0x00000199cb1224d0
Event: 37.108 Thread 0x00000199c97f3080 Thread exited: 0x00000199c97f3080
Event: 37.108 Thread 0x00000199c97f29f0 Thread exited: 0x00000199c97f29f0
Event: 37.108 Thread 0x00000199cb11fd70 Thread exited: 0x00000199cb11fd70
Event: 37.108 Thread 0x00000199cb11c8f0 Thread exited: 0x00000199cb11c8f0
Event: 37.108 Thread 0x00000199c97f2360 Thread exited: 0x00000199c97f2360
Event: 37.109 Thread 0x00000199cb121120 Thread exited: 0x00000199cb121120
Event: 37.109 Thread 0x00000199cb11f050 Thread exited: 0x00000199cb11f050


Dynamic libraries:
0x00007ff79a2e0000 - 0x00007ff79a2ee000 	c:\Users\user\.vscode\extensions\redhat.java-1.47.0-win32-x64\jre\21.0.8-win32-x86_64\bin\java.exe
0x00007fff74c80000 - 0x00007fff74ee8000 	C:\WINDOWS\SYSTEM32\ntdll.dll
0x00007fff72a80000 - 0x00007fff72b49000 	C:\WINDOWS\System32\KERNEL32.DLL
0x00007fff722e0000 - 0x00007fff726d2000 	C:\WINDOWS\System32\KERNELBASE.dll
0x00007fff71eb0000 - 0x00007fff71ffb000 	C:\WINDOWS\System32\ucrtbase.dll
0x00007fff5dd80000 - 0x00007fff5dd98000 	c:\Users\user\.vscode\extensions\redhat.java-1.47.0-win32-x64\jre\21.0.8-win32-x86_64\bin\jli.dll
0x00007fff5bda0000 - 0x00007fff5bdbe000 	c:\Users\user\.vscode\extensions\redhat.java-1.47.0-win32-x64\jre\21.0.8-win32-x86_64\bin\VCRUNTIME140.dll
0x00007fff73a10000 - 0x00007fff73bd5000 	C:\WINDOWS\System32\USER32.dll
0x00007fff722b0000 - 0x00007fff722d7000 	C:\WINDOWS\System32\win32u.dll
0x00007fff72a50000 - 0x00007fff72a7b000 	C:\WINDOWS\System32\GDI32.dll
0x00007fff49660000 - 0x00007fff498f3000 	C:\WINDOWS\WinSxS\amd64_microsoft.windows.common-controls_6595b64144ccf1df_6.0.26100.6899_none_3e0efeeae32e88c1\COMCTL32.dll
0x00007fff726e0000 - 0x00007fff7280d000 	C:\WINDOWS\System32\gdi32full.dll
0x00007fff745a0000 - 0x00007fff74649000 	C:\WINDOWS\System32\msvcrt.dll
0x00007fff72000000 - 0x00007fff720a3000 	C:\WINDOWS\System32\msvcp_win.dll
0x00007fff74560000 - 0x00007fff7458f000 	C:\WINDOWS\System32\IMM32.DLL
0x00007fff6e3f0000 - 0x00007fff6e3fc000 	c:\Users\user\.vscode\extensions\redhat.java-1.47.0-win32-x64\jre\21.0.8-win32-x86_64\bin\vcruntime140_1.dll
0x00007fff2d000000 - 0x00007fff2d08d000 	c:\Users\user\.vscode\extensions\redhat.java-1.47.0-win32-x64\jre\21.0.8-win32-x86_64\bin\msvcp140.dll
0x00007ffee2930000 - 0x00007ffee36c7000 	c:\Users\user\.vscode\extensions\redhat.java-1.47.0-win32-x64\jre\21.0.8-win32-x86_64\bin\server\jvm.dll
0x00007fff734d0000 - 0x00007fff73584000 	C:\WINDOWS\System32\ADVAPI32.dll
0x00007fff74280000 - 0x00007fff74326000 	C:\WINDOWS\System32\sechost.dll
0x00007fff743b0000 - 0x00007fff744c8000 	C:\WINDOWS\System32\RPCRT4.dll
0x00007fff74330000 - 0x00007fff743a4000 	C:\WINDOWS\System32\WS2_32.dll
0x00007fff71710000 - 0x00007fff7176e000 	C:\WINDOWS\SYSTEM32\POWRPROF.dll
0x00007fff63fc0000 - 0x00007fff63ff5000 	C:\WINDOWS\SYSTEM32\WINMM.dll
0x00007fff67240000 - 0x00007fff6724b000 	C:\WINDOWS\SYSTEM32\VERSION.dll
0x00007fff716b0000 - 0x00007fff716c4000 	C:\WINDOWS\SYSTEM32\UMPDC.dll
0x00007fff70be0000 - 0x00007fff70bfb000 	C:\WINDOWS\SYSTEM32\kernel.appcore.dll
0x00007fff4b2f0000 - 0x00007fff4b2fa000 	c:\Users\user\.vscode\extensions\redhat.java-1.47.0-win32-x64\jre\21.0.8-win32-x86_64\bin\jimage.dll
0x00007fff6f620000 - 0x00007fff6f862000 	C:\WINDOWS\SYSTEM32\DBGHELP.DLL
0x00007fff73690000 - 0x00007fff73a0b000 	C:\WINDOWS\System32\combase.dll
0x00007fff741a0000 - 0x00007fff74277000 	C:\WINDOWS\System32\OLEAUT32.dll
0x00007fff66720000 - 0x00007fff6675c000 	C:\WINDOWS\SYSTEM32\dbgcore.DLL
0x00007fff71e10000 - 0x00007fff71ea8000 	C:\WINDOWS\System32\bcryptPrimitives.dll
0x00007fff4b1c0000 - 0x00007fff4b1cf000 	c:\Users\user\.vscode\extensions\redhat.java-1.47.0-win32-x64\jre\21.0.8-win32-x86_64\bin\instrument.dll
0x00007fff4b1a0000 - 0x00007fff4b1bf000 	c:\Users\user\.vscode\extensions\redhat.java-1.47.0-win32-x64\jre\21.0.8-win32-x86_64\bin\java.dll
0x00007fff72d80000 - 0x00007fff734cd000 	C:\WINDOWS\System32\SHELL32.dll
0x00007fff720b0000 - 0x00007fff7221b000 	C:\WINDOWS\System32\wintypes.dll
0x00007fff6fa40000 - 0x00007fff7029d000 	C:\WINDOWS\SYSTEM32\windows.storage.dll
0x00007fff73590000 - 0x00007fff73682000 	C:\WINDOWS\System32\SHCORE.dll
0x00007fff73be0000 - 0x00007fff73c42000 	C:\WINDOWS\System32\shlwapi.dll
0x00007fff71d30000 - 0x00007fff71d59000 	C:\WINDOWS\SYSTEM32\profapi.dll
0x00007fff4b300000 - 0x00007fff4b318000 	c:\Users\user\.vscode\extensions\redhat.java-1.47.0-win32-x64\jre\21.0.8-win32-x86_64\bin\zip.dll
0x00007fff4e390000 - 0x00007fff4e3a0000 	C:\Users\user\.vscode\extensions\redhat.java-1.47.0-win32-x64\jre\21.0.8-win32-x86_64\bin\net.dll
0x00007fff6b2c0000 - 0x00007fff6b3df000 	C:\WINDOWS\SYSTEM32\WINHTTP.dll
0x00007fff71150000 - 0x00007fff711bb000 	C:\WINDOWS\system32\mswsock.dll
0x00007fff30a50000 - 0x00007fff30a66000 	C:\Users\user\.vscode\extensions\redhat.java-1.47.0-win32-x64\jre\21.0.8-win32-x86_64\bin\nio.dll
0x00007fff4b150000 - 0x00007fff4b160000 	c:\Users\user\.vscode\extensions\redhat.java-1.47.0-win32-x64\jre\21.0.8-win32-x86_64\bin\verify.dll
0x00007fff2cfb0000 - 0x00007fff2cff4000 	C:\Users\user\AppData\Roaming\Code\User\globalStorage\redhat.java\1.47.0\config_win\org.eclipse.equinox.launcher\org.eclipse.equinox.launcher.win32.win32.x86_64_1.2.1400.v20250801-0854\eclipse_11916.dll
0x00007fff74650000 - 0x00007fff747e8000 	C:\WINDOWS\System32\ole32.dll
0x00007fff54460000 - 0x00007fff5446a000 	C:\Users\user\.vscode\extensions\redhat.java-1.47.0-win32-x64\jre\21.0.8-win32-x86_64\bin\management.dll
0x00007fff54450000 - 0x00007fff5445b000 	C:\Users\user\.vscode\extensions\redhat.java-1.47.0-win32-x64\jre\21.0.8-win32-x86_64\bin\management_ext.dll
0x00007fff74870000 - 0x00007fff74878000 	C:\WINDOWS\System32\PSAPI.DLL
0x00007fff71400000 - 0x00007fff7141b000 	C:\WINDOWS\SYSTEM32\CRYPTSP.dll
0x00007fff70b40000 - 0x00007fff70b7b000 	C:\WINDOWS\system32\rsaenh.dll
0x00007fff711f0000 - 0x00007fff7121b000 	C:\WINDOWS\SYSTEM32\USERENV.dll
0x00007fff71d00000 - 0x00007fff71d26000 	C:\WINDOWS\SYSTEM32\bcrypt.dll
0x00007fff71420000 - 0x00007fff7142c000 	C:\WINDOWS\SYSTEM32\CRYPTBASE.dll
0x00007fff70730000 - 0x00007fff70764000 	C:\WINDOWS\SYSTEM32\IPHLPAPI.DLL
0x00007fff72b50000 - 0x00007fff72b5a000 	C:\WINDOWS\System32\NSI.dll
0x00007fff221a0000 - 0x00007fff221e9000 	C:\Users\user\AppData\Local\Temp\jna-3599307\jna2081426065615190218.dll
0x00007fff6c0a0000 - 0x00007fff6c0be000 	C:\WINDOWS\SYSTEM32\dhcpcsvc6.DLL
0x00007fff6c070000 - 0x00007fff6c093000 	C:\WINDOWS\SYSTEM32\dhcpcsvc.DLL
0x00007fff54440000 - 0x00007fff5444e000 	C:\Users\user\.vscode\extensions\redhat.java-1.47.0-win32-x64\jre\21.0.8-win32-x86_64\bin\sunmscapi.dll
0x00007fff72810000 - 0x00007fff72987000 	C:\WINDOWS\System32\CRYPT32.dll
0x00007fff716d0000 - 0x00007fff71700000 	C:\WINDOWS\SYSTEM32\ncrypt.dll
0x00007fff71660000 - 0x00007fff7169f000 	C:\WINDOWS\SYSTEM32\NTASN1.dll
0x00007fff70770000 - 0x00007fff70896000 	C:\WINDOWS\SYSTEM32\DNSAPI.dll
0x00007fff6af70000 - 0x00007fff6af7b000 	C:\Windows\System32\rasadhlp.dll
0x00007fff6c210000 - 0x00007fff6c296000 	C:\WINDOWS\System32\fwpuclnt.dll
0x00007fff52470000 - 0x00007fff52479000 	C:\Users\user\.vscode\extensions\redhat.java-1.47.0-win32-x64\jre\21.0.8-win32-x86_64\bin\extnet.dll

JVMTI agents:
c:\Users\user\.vscode\extensions\redhat.java-1.47.0-win32-x64\lombok\lombok-1.18.39-4050.jar path:c:\Users\user\.vscode\extensions\redhat.java-1.47.0-win32-x64\jre\21.0.8-win32-x86_64\bin\instrument.dll, loaded, initialized, instrumentlib options:none

dbghelp: loaded successfully - version: 4.0.5 - missing functions: none
symbol engine: initialized successfully - sym options: 0x614 - pdb path: .;c:\Users\user\.vscode\extensions\redhat.java-1.47.0-win32-x64\jre\21.0.8-win32-x86_64\bin;C:\WINDOWS\SYSTEM32;C:\WINDOWS\WinSxS\amd64_microsoft.windows.common-controls_6595b64144ccf1df_6.0.26100.6899_none_3e0efeeae32e88c1;c:\Users\user\.vscode\extensions\redhat.java-1.47.0-win32-x64\jre\21.0.8-win32-x86_64\bin\server;C:\Users\user\AppData\Roaming\Code\User\globalStorage\redhat.java\1.47.0\config_win\org.eclipse.equinox.launcher\org.eclipse.equinox.launcher.win32.win32.x86_64_1.2.1400.v20250801-0854;C:\Users\user\AppData\Local\Temp\jna-3599307

VM Arguments:
jvm_args: --add-modules=ALL-SYSTEM --add-opens=java.base/java.util=ALL-UNNAMED --add-opens=java.base/java.lang=ALL-UNNAMED --add-opens=java.base/sun.nio.fs=ALL-UNNAMED -Declipse.application=org.eclipse.jdt.ls.core.id1 -Dosgi.bundles.defaultStartLevel=4 -Declipse.product=org.eclipse.jdt.ls.core.product -Djava.import.generatesMetadataFilesAtProjectRoot=false -DDetectVMInstallationsJob.disabled=true -Dfile.encoding=utf8 -XX:+UseParallelGC -XX:GCTimeRatio=4 -XX:AdaptiveSizePolicyWeight=90 -Dsun.zip.disableMemoryMapping=true -Xmx2G -Xms100m -Xlog:disable -javaagent:c:\Users\user\.vscode\extensions\redhat.java-1.47.0-win32-x64\lombok\lombok-1.18.39-4050.jar -XX:+HeapDumpOnOutOfMemoryError -XX:HeapDumpPath=c:\Users\user\AppData\Roaming\Code\User\workspaceStorage\7304f01e7675067f7b34073d0c02201e\redhat.java -Daether.dependencyCollector.impl=bf 
java_command: c:\Users\user\.vscode\extensions\redhat.java-1.47.0-win32-x64\server\plugins\org.eclipse.equinox.launcher_1.7.100.v20251014-1222.jar -configuration c:\Users\user\AppData\Roaming\Code\User\globalStorage\redhat.java\1.47.0\config_win -data c:\Users\user\AppData\Roaming\Code\User\workspaceStorage\7304f01e7675067f7b34073d0c02201e\redhat.java\jdt_ws --pipe=\\.\pipe\lsp-f897f65eef79e5651b954b6faf0c6faa-sock
java_class_path (initial): c:\Users\user\.vscode\extensions\redhat.java-1.47.0-win32-x64\server\plugins\org.eclipse.equinox.launcher_1.7.100.v20251014-1222.jar
Launcher Type: SUN_STANDARD

[Global flags]
    uintx AdaptiveSizePolicyWeight                 = 90                                        {product} {command line}
     intx CICompilerCount                          = 12                                        {product} {ergonomic}
    uintx GCTimeRatio                              = 4                                         {product} {command line}
     bool HeapDumpOnOutOfMemoryError               = true                                   {manageable} {command line}
    ccstr HeapDumpPath                             = c:\Users\user\AppData\Roaming\Code\User\workspaceStorage\7304f01e7675067f7b34073d0c02201e\redhat.java         {manageable} {command line}
   size_t InitialHeapSize                          = 104857600                                 {product} {command line}
   size_t MaxHeapSize                              = 2147483648                                {product} {command line}
   size_t MaxNewSize                               = 715653120                                 {product} {ergonomic}
   size_t MinHeapDeltaBytes                        = 524288                                    {product} {ergonomic}
   size_t MinHeapSize                              = 104857600                                 {product} {command line}
   size_t NewSize                                  = 34603008                                  {product} {ergonomic}
    uintx NonNMethodCodeHeapSize                   = 7602480                                {pd product} {ergonomic}
    uintx NonProfiledCodeHeapSize                  = 122027880                              {pd product} {ergonomic}
   size_t OldSize                                  = 70254592                                  {product} {ergonomic}
    uintx ProfiledCodeHeapSize                     = 122027880                              {pd product} {ergonomic}
    uintx ReservedCodeCacheSize                    = 251658240                              {pd product} {ergonomic}
     bool SegmentedCodeCache                       = true                                      {product} {ergonomic}
   size_t SoftMaxHeapSize                          = 2147483648                             {manageable} {ergonomic}
     bool UseCompressedOops                        = true                           {product lp64_product} {ergonomic}
     bool UseLargePagesIndividualAllocation        = false                                  {pd product} {ergonomic}
     bool UseParallelGC                            = true                                      {product} {command line}

Logging:
Log output configuration:
 #0: stdout all=off uptime,level,tags foldmultilines=false
 #1: stderr all=off uptime,level,tags foldmultilines=false

Environment Variables:
PATH=C:\Program Files\Eclipse Adoptium\jdk-21.0.4.7-hotspot\bin;C:\Windows\system32;C:\Windows;C:\Windows\System32\Wbem;C:\Windows\System32\WindowsPowerShell\v1.0\;C:\Windows\System32\OpenSSH\;C:\Program Files (x86)\NVIDIA Corporation\PhysX\Common;C:\ProgramData\chocolatey\bin;C:\Users\user\AppData\Local\Programs\Python\Python312;C:\Users\user\AppData\Local\Programs\Python\Python312\Scripts;C:\Program Files\Git\cmd;C:\ProgramData\Microsoft\Windows\Start Menu\Programs\Git;C:\Program Files\NVIDIA Corporation\NVIDIA app\NvDLISR;C:\Users\user\Downloads\apache-maven-3.9.9-bin\apache-maven-3.9.9\bin;C:\Users\user\AppData\Roaming\nvm;C:\Program Files\nodejs;C:\Program Files\nodejs\;C:\WINDOWS\system32;C:\WINDOWS;C:\WINDOWS\System32\Wbem;C:\WINDOWS\System32\WindowsPowerShell\v1.0\;C:\WINDOWS\System32\OpenSSH\;C:\Program Files\dotnet\;C:\Program Files\MySQL\MySQL Shell 8.0\bin\;C:\Users\user\AppData\Local\Programs\Python\Launcher\;C:\Users\user\AppData\Local\Microsoft\WindowsApps;C:\Users\user\AppData\Local\Programs\Microsoft VS Code\bin;C:\Users\user\AppData\Local\Programs\Python\Python312;C:\Users\user\AppData\Local\Microsoft\WinGet\Packages\Schniz.fnm_Microsoft.Winget.Source_8wekyb3d8bbwe;C:\Users\user\AppData\Roaming\Microsoft\Windows\Start Menu\Programs\Python 3.12;C:\Users\user\AppData\Local\Programs\Python\Python312\Scripts;C:\ProgramData\Microsoft\Windows\Start Menu\Programs\Git;C:\Users\user\Downloads\apache-maven-3.9.9-bin\apache-maven-3.9.9\lib;C:\Users\user\AppData\Roaming\nvm;C:\Program Files\nodejs;C:\Users\user\AppData\Roaming\npm;
USERNAME=user
OS=Windows_NT
PROCESSOR_IDENTIFIER=Intel64 Family 6 Model 154 Stepping 3, GenuineIntel
TMP=C:\Users\user\AppData\Local\Temp
TEMP=C:\Users\user\AppData\Local\Temp




Periodic native trim disabled

---------------  S Y S T E M  ---------------

OS:
 Windows 11 , 64 bit Build 26100 (10.0.26100.6725)
OS uptime: 2 days 14:14 hours
Hyper-V role detected

CPU: total 16 (initial active 16) (8 cores per cpu, 2 threads per core) family 6 model 154 stepping 3 microcode 0x424, cx8, cmov, fxsr, ht, mmx, 3dnowpref, sse, sse2, sse3, ssse3, sse4.1, sse4.2, popcnt, lzcnt, tsc, tscinvbit, avx, avx2, aes, erms, clmul, bmi1, bmi2, adx, sha, fma, vzeroupper, clflush, clflushopt, clwb, hv, serialize, rdtscp, rdpid, fsrm, f16c, cet_ibt, cet_ss
Processor Information for processor 0
  Max Mhz: 2300, Current Mhz: 2300, Mhz Limit: 2300
Processor Information for processor 1
  Max Mhz: 2300, Current Mhz: 2300, Mhz Limit: 2300
Processor Information for processor 2
  Max Mhz: 2300, Current Mhz: 2300, Mhz Limit: 2300
Processor Information for processor 3
  Max Mhz: 2300, Current Mhz: 2300, Mhz Limit: 2300
Processor Information for processor 4
  Max Mhz: 2300, Current Mhz: 1506, Mhz Limit: 2300
Processor Information for processor 5
  Max Mhz: 2300, Current Mhz: 2300, Mhz Limit: 2300
Processor Information for processor 6
  Max Mhz: 2300, Current Mhz: 2300, Mhz Limit: 2300
Processor Information for processor 7
  Max Mhz: 2300, Current Mhz: 2300, Mhz Limit: 2300
Processor Information for processor 8
  Max Mhz: 2300, Current Mhz: 2300, Mhz Limit: 2300
Processor Information for processor 9
  Max Mhz: 2300, Current Mhz: 2300, Mhz Limit: 2300
Processor Information for processor 10
  Max Mhz: 2300, Current Mhz: 2300, Mhz Limit: 2300
Processor Information for processor 11
  Max Mhz: 2300, Current Mhz: 1506, Mhz Limit: 2300
Processor Information for processor 12
  Max Mhz: 2300, Current Mhz: 2300, Mhz Limit: 2300
Processor Information for processor 13
  Max Mhz: 2300, Current Mhz: 2300, Mhz Limit: 2300
Processor Information for processor 14
  Max Mhz: 2300, Current Mhz: 2300, Mhz Limit: 2300
Processor Information for processor 15
  Max Mhz: 2300, Current Mhz: 1488, Mhz Limit: 2300

Memory: 4k page, system-wide physical 7896M (9M free)
TotalPageFile size 32472M (AvailPageFile size 33M)
current process WorkingSet (physical memory assigned to process): 59M, peak: 314M
current process commit charge ("private bytes"): 473M, peak: 473M

vm_info: OpenJDK 64-Bit Server VM (21.0.8+9-LTS) for windows-amd64 JRE (21.0.8+9-LTS), built on 2025-07-15T00:00:00Z by "admin" with MS VC++ 17.7 (VS2022)

END.
