#
# There is insufficient memory for the Java Runtime Environment to continue.
# Native memory allocation (malloc) failed to allocate 175856 bytes. Error detail: Chunk::new
# Possible reasons:
#   The system is out of physical RAM or swap space
#   This process is running with CompressedOops enabled, and the Java Heap may be blocking the growth of the native heap
# Possible solutions:
#   Reduce memory load on the system
#   Increase physical memory or swap space
#   Check if swap backing store is full
#   Decrease Java heap size (-Xmx/-Xms)
#   Decrease number of Java threads
#   Decrease Java thread stack sizes (-Xss)
#   Set larger code cache with -XX:ReservedCodeCacheSize=
#   JVM is running with Unscaled Compressed Oops mode in which the Java heap is
#     placed in the first 4GB address space. The Java Heap base address is the
#     maximum limit for the native heap growth. Please use -XX:HeapBaseMinAddress
#     to set the Java Heap base and to place the Java Heap above 4GB virtual address.
# This output file may be truncated or incomplete.
#
#  Out of Memory Error (arena.cpp:168), pid=18904, tid=28028
#
# JRE version: OpenJDK Runtime Environment Temurin-21.0.9+10 (21.0.9+10) (build 21.0.9+10-LTS)
# Java VM: OpenJDK 64-Bit Server VM Temurin-21.0.9+10 (21.0.9+10-LTS, mixed mode, sharing, tiered, compressed oops, compressed class ptrs, parallel gc, windows-amd64)
# No core dump will be written. Minidumps are not enabled by default on client versions of Windows
#

---------------  S U M M A R Y ------------

Command Line: --add-modules=ALL-SYSTEM --add-opens=java.base/java.util=ALL-UNNAMED --add-opens=java.base/java.lang=ALL-UNNAMED --add-opens=java.base/sun.nio.fs=ALL-UNNAMED -Declipse.application=org.eclipse.jdt.ls.core.id1 -Dosgi.bundles.defaultStartLevel=4 -Declipse.product=org.eclipse.jdt.ls.core.product -Djava.import.generatesMetadataFilesAtProjectRoot=false -DDetectVMInstallationsJob.disabled=true -Dfile.encoding=utf8 -XX:+UseParallelGC -XX:GCTimeRatio=4 -XX:AdaptiveSizePolicyWeight=90 -Dsun.zip.disableMemoryMapping=true -Xmx2G -Xms100m -Xlog:disable -javaagent:c:\Users\user\.vscode\extensions\redhat.java-1.50.0-win32-x64\lombok\lombok-1.18.39-4050.jar -XX:+HeapDumpOnOutOfMemoryError -XX:HeapDumpPath=c:\Users\user\AppData\Roaming\Code\User\workspaceStorage\518df08ae5ceb653414f8d346aa31cc3\redhat.java -Daether.dependencyCollector.impl=bf c:\Users\user\.vscode\extensions\redhat.java-1.50.0-win32-x64\server\plugins\org.eclipse.equinox.launcher_1.7.100.v20251111-0406.jar -configuration c:\Users\user\AppData\Roaming\Code\User\globalStorage\redhat.java\1.50.0\config_win -data c:\Users\user\AppData\Roaming\Code\User\workspaceStorage\518df08ae5ceb653414f8d346aa31cc3\redhat.java\jdt_ws --pipe=\\.\pipe\lsp-bd4aaeab19becfb8f1c973837537791a-sock

Host: 12th Gen Intel(R) Core(TM) i7-12650H, 16 cores, 7G,  Windows 11 , 64 bit Build 26100 (10.0.26100.7019)
Time: Sun Dec 14 19:42:34 2025 Malay Peninsula Standard Time elapsed time: 10.148107 seconds (0d 0h 0m 10s)

---------------  T H R E A D  ---------------

Current thread (0x000001ae823c7010):  JavaThread "C2 CompilerThread1" daemon [_thread_in_native, id=28028, stack(0x00000076a4b00000,0x00000076a4c00000) (1024K)]


Current CompileTask:
C2:10151 1367       4       java.io.DataInputStream::readFully (59 bytes)

Stack: [0x00000076a4b00000,0x00000076a4c00000]
Native frames: (J=compiled Java code, j=interpreted, Vv=VM code, C=native code)
V  [jvm.dll+0x6d6e29]
V  [jvm.dll+0x8b4b76]
V  [jvm.dll+0x8b712e]
V  [jvm.dll+0x8b7813]
V  [jvm.dll+0x283d86]
V  [jvm.dll+0xc66ed]
V  [jvm.dll+0xc6c31]
V  [jvm.dll+0x2facee]
V  [jvm.dll+0x5fde44]
V  [jvm.dll+0x255557]
V  [jvm.dll+0x25591d]
V  [jvm.dll+0x24df40]
V  [jvm.dll+0x24b482]
V  [jvm.dll+0x1cb13e]
V  [jvm.dll+0x25b29d]
V  [jvm.dll+0x25982a]
V  [jvm.dll+0x3f7ea6]
V  [jvm.dll+0x85e9ad]
V  [jvm.dll+0x6d565d]
C  [ucrtbase.dll+0x37b0]
C  [KERNEL32.DLL+0x2e8d7]
C  [ntdll.dll+0x8c53c]


---------------  P R O C E S S  ---------------

Threads class SMR info:
_java_thread_list=0x000001ae883cca60, length=15, elements={
0x000001ae294fe8c0, 0x000001ae295a4150, 0x000001ae295a75d0, 0x000001ae295aada0,
0x000001ae295ab9f0, 0x000001ae295afab0, 0x000001ae295b72e0, 0x000001ae823c5e60,
0x000001ae823c7db0, 0x000001ae825a7f50, 0x000001ae88014a10, 0x000001ae823c6940,
0x000001ae823c7010, 0x000001ae823c9fc0, 0x000001ae823c8b50
}

Java Threads: ( => current thread )
  0x000001ae294fe8c0 JavaThread "main"                              [_thread_in_native, id=27988, stack(0x00000076a3600000,0x00000076a3700000) (1024K)]
  0x000001ae295a4150 JavaThread "Reference Handler"          daemon [_thread_blocked, id=19368, stack(0x00000076a3a00000,0x00000076a3b00000) (1024K)]
  0x000001ae295a75d0 JavaThread "Finalizer"                  daemon [_thread_blocked, id=18552, stack(0x00000076a3b00000,0x00000076a3c00000) (1024K)]
  0x000001ae295aada0 JavaThread "Signal Dispatcher"          daemon [_thread_blocked, id=18460, stack(0x00000076a3c00000,0x00000076a3d00000) (1024K)]
  0x000001ae295ab9f0 JavaThread "Attach Listener"            daemon [_thread_blocked, id=28540, stack(0x00000076a3d00000,0x00000076a3e00000) (1024K)]
  0x000001ae295afab0 JavaThread "Service Thread"             daemon [_thread_blocked, id=21328, stack(0x00000076a3e00000,0x00000076a3f00000) (1024K)]
  0x000001ae295b72e0 JavaThread "Monitor Deflation Thread"   daemon [_thread_blocked, id=27880, stack(0x00000076a3f00000,0x00000076a4000000) (1024K)]
  0x000001ae823c5e60 JavaThread "C2 CompilerThread0"         daemon [_thread_in_native, id=1916, stack(0x00000076a4000000,0x00000076a4100000) (1024K)]
  0x000001ae823c7db0 JavaThread "C1 CompilerThread0"         daemon [_thread_blocked, id=36452, stack(0x00000076a4100000,0x00000076a4200000) (1024K)]
  0x000001ae825a7f50 JavaThread "Common-Cleaner"             daemon [_thread_blocked, id=24768, stack(0x00000076a4300000,0x00000076a4400000) (1024K)]
  0x000001ae88014a10 JavaThread "Notification Thread"        daemon [_thread_blocked, id=15288, stack(0x00000076a4400000,0x00000076a4500000) (1024K)]
  0x000001ae823c6940 JavaThread "C1 CompilerThread1"         daemon [_thread_blocked, id=25752, stack(0x00000076a4200000,0x00000076a4300000) (1024K)]
=>0x000001ae823c7010 JavaThread "C2 CompilerThread1"         daemon [_thread_in_native, id=28028, stack(0x00000076a4b00000,0x00000076a4c00000) (1024K)]
  0x000001ae823c9fc0 JavaThread "C1 CompilerThread2"         daemon [_thread_blocked, id=24200, stack(0x00000076a4c00000,0x00000076a4d00000) (1024K)]
  0x000001ae823c8b50 JavaThread "C1 CompilerThread3"         daemon [_thread_blocked, id=1616, stack(0x00000076a4d00000,0x00000076a4e00000) (1024K)]
Total: 15

Other Threads:
  0x000001ae295a37e0 VMThread "VM Thread"                           [id=1484, stack(0x00000076a3900000,0x00000076a3a00000) (1024K)]
  0x000001ae3fe8ca00 WatcherThread "VM Periodic Task Thread"        [id=35092, stack(0x00000076a3800000,0x00000076a3900000) (1024K)]
  0x000001ae2951ef40 WorkerThread "GC Thread#0"                     [id=36500, stack(0x00000076a3700000,0x00000076a3800000) (1024K)]
  0x000001ae88425070 WorkerThread "GC Thread#1"                     [id=24968, stack(0x00000076a4500000,0x00000076a4600000) (1024K)]
  0x000001ae88425410 WorkerThread "GC Thread#2"                     [id=27960, stack(0x00000076a4600000,0x00000076a4700000) (1024K)]
  0x000001ae884257b0 WorkerThread "GC Thread#3"                     [id=30236, stack(0x00000076a4700000,0x00000076a4800000) (1024K)]
  0x000001ae88425b50 WorkerThread "GC Thread#4"                     [id=20536, stack(0x00000076a4800000,0x00000076a4900000) (1024K)]
  0x000001ae88425ef0 WorkerThread "GC Thread#5"                     [id=36608, stack(0x00000076a4900000,0x00000076a4a00000) (1024K)]
  0x000001ae88295f50 WorkerThread "GC Thread#6"                     [id=18692, stack(0x00000076a4a00000,0x00000076a4b00000) (1024K)]
Total: 9

Threads with active compile tasks:
C2 CompilerThread0  11625 1432       4       java.lang.String::<init> (74 bytes)
C2 CompilerThread1  11625 1367       4       java.io.DataInputStream::readFully (59 bytes)
Total: 2

VM state: not at safepoint (normal execution)

VM Mutex/Monitor currently owned by a thread: None

Heap address: 0x0000000080000000, size: 2048 MB, Compressed Oops mode: 32-bit

CDS archive(s) mapped at: [0x000001ae40000000-0x000001ae40ba0000-0x000001ae40ba0000), size 12189696, SharedBaseAddress: 0x000001ae40000000, ArchiveRelocationMode: 1.
Compressed class space mapped at: 0x000001ae41000000-0x000001ae81000000, reserved size: 1073741824
Narrow klass base: 0x000001ae40000000, Narrow klass shift: 0, Narrow klass range: 0x100000000

GC Precious Log:
 CardTable entry size: 512
 CPUs: 16 total, 16 available
 Memory: 7896M
 Large Page Support: Disabled
 NUMA Support: Disabled
 Compressed Oops: Enabled (32-bit)
 Alignments: Space 512K, Generation 512K, Heap 2M
 Heap Min Capacity: 100M
 Heap Initial Capacity: 100M
 Heap Max Capacity: 2G
 Pre-touch: Disabled
 Parallel Workers: 13

Heap:
 PSYoungGen      total 29696K, used 14915K [0x00000000d5580000, 0x00000000d7680000, 0x0000000100000000)
  eden space 25600K, 45% used [0x00000000d5580000,0x00000000d60d4c60,0x00000000d6e80000)
  from space 4096K, 80% used [0x00000000d6e80000,0x00000000d71bc148,0x00000000d7280000)
  to   space 4096K, 0% used [0x00000000d7280000,0x00000000d7280000,0x00000000d7680000)
 ParOldGen       total 68608K, used 16K [0x0000000080000000, 0x0000000084300000, 0x00000000d5580000)
  object space 68608K, 0% used [0x0000000080000000,0x0000000080004000,0x0000000084300000)
 Metaspace       used 6232K, committed 6528K, reserved 1114112K
  class space    used 632K, committed 768K, reserved 1048576K

Card table byte_map: [0x000001ae28ea0000,0x000001ae292b0000] _byte_map_base: 0x000001ae28aa0000

Marking Bits: (ParMarkBitMap*) 0x00007ffbd3bb2460
 Begin Bits: [0x000001ae3b9b0000, 0x000001ae3d9b0000)
 End Bits:   [0x000001ae3d9b0000, 0x000001ae3f9b0000)

Polling page: 0x000001ae273c0000

Metaspace:

Usage:
  Non-class:      5.48 MB used.
      Class:    633.37 KB used.
       Both:      6.10 MB used.

Virtual space:
  Non-class space:       64.00 MB reserved,       5.62 MB (  9%) committed,  1 nodes.
      Class space:        1.00 GB reserved,     768.00 KB ( <1%) committed,  1 nodes.
             Both:        1.06 GB reserved,       6.38 MB ( <1%) committed. 

Chunk freelists:
   Non-Class:  9.89 MB
       Class:  15.06 MB
        Both:  24.95 MB

MaxMetaspaceSize: unlimited
CompressedClassSpaceSize: 1.00 GB
Initial GC threshold: 21.00 MB
Current GC threshold: 21.00 MB
CDS: on
 - commit_granule_bytes: 65536.
 - commit_granule_words: 8192.
 - virtual_space_node_default_size: 8388608.
 - enlarge_chunks_in_place: 1.
 - use_allocation_guard: 0.


Internal statistics:

num_allocs_failed_limit: 0.
num_arena_births: 190.
num_arena_deaths: 0.
num_vsnodes_births: 2.
num_vsnodes_deaths: 0.
num_space_committed: 102.
num_space_uncommitted: 0.
num_chunks_returned_to_freelist: 0.
num_chunks_taken_from_freelist: 320.
num_chunk_merges: 0.
num_chunk_splits: 206.
num_chunks_enlarged: 131.
num_inconsistent_stats: 0.

CodeHeap 'non-profiled nmethods': size=119168Kb used=565Kb max_used=565Kb free=118602Kb
 bounds [0x000001ae342a0000, 0x000001ae34510000, 0x000001ae3b700000]
CodeHeap 'profiled nmethods': size=119104Kb used=2484Kb max_used=2484Kb free=116619Kb
 bounds [0x000001ae2c700000, 0x000001ae2c970000, 0x000001ae33b50000]
CodeHeap 'non-nmethods': size=7488Kb used=2897Kb max_used=2922Kb free=4590Kb
 bounds [0x000001ae33b50000, 0x000001ae33e30000, 0x000001ae342a0000]
CodeCache: size=245760Kb, used=5946Kb, max_used=5971Kb, free=239811Kb
 total_blobs=1910, nmethods=1436, adapters=378, full_count=0
Compilation: enabled, stopped_count=0, restarted_count=0

Compilation events (20 events):
Event: 7.961 Thread 0x000001ae823c9fc0 nmethod 1362 0x000001ae2c943510 code [0x000001ae2c943740, 0x000001ae2c943f40]
Event: 7.961 Thread 0x000001ae823c7db0 nmethod 1359 0x000001ae2c944110 code [0x000001ae2c944340, 0x000001ae2c944a48]
Event: 7.961 Thread 0x000001ae823c6940 nmethod 1360 0x000001ae2c944d90 code [0x000001ae2c945100, 0x000001ae2c9465e0]
Event: 7.962 Thread 0x000001ae823c7010 1363       4       java.util.concurrent.locks.AbstractQueuedSynchronizer::signalNext (34 bytes)
Event: 7.962 Thread 0x000001ae823c7010 nmethod 1363 0x000001ae34316710 code [0x000001ae343168a0, 0x000001ae34316920]
Event: 7.962 Thread 0x000001ae823c7010 1364       4       java.util.concurrent.locks.ReentrantLock$NonfairSync::initialTryLock (58 bytes)
Event: 7.963 Thread 0x000001ae823c7010 nmethod 1364 0x000001ae34316a10 code [0x000001ae34316ba0, 0x000001ae34316c90]
Event: 7.963 Thread 0x000001ae823c7010 1366       4       java.util.concurrent.locks.ReentrantLock$Sync::tryRelease (51 bytes)
Event: 7.963 Thread 0x000001ae823c7010 nmethod 1366 0x000001ae34316d10 code [0x000001ae34316ea0, 0x000001ae34316f90]
Event: 7.964 Thread 0x000001ae823c7010 1367       4       java.io.DataInputStream::readFully (59 bytes)
Event: 7.967 Thread 0x000001ae823c6940 1372       3       java.lang.String::toCharArray (25 bytes)
Event: 7.967 Thread 0x000001ae823c8b50 1373       3       java.lang.StringLatin1::toChars (16 bytes)
Event: 7.967 Thread 0x000001ae823c6940 nmethod 1372 0x000001ae2c946d10 code [0x000001ae2c946ee0, 0x000001ae2c947178]
Event: 7.967 Thread 0x000001ae823c9fc0 1374       3       org.eclipse.osgi.container.ModuleDatabase$Persistence::readString (7 bytes)
Event: 7.967 Thread 0x000001ae823c8b50 nmethod 1373 0x000001ae2c947290 code [0x000001ae2c947440, 0x000001ae2c947620]
Event: 7.967 Thread 0x000001ae823c9fc0 nmethod 1374 0x000001ae2c947710 code [0x000001ae2c9478c0, 0x000001ae2c9479e0]
Event: 7.967 Thread 0x000001ae823c9fc0 1375       3       org.eclipse.osgi.container.ModuleDatabase$Persistence::readVersion0 (96 bytes)
Event: 7.967 Thread 0x000001ae823c8b50 1376       3       org.eclipse.osgi.container.ModuleDatabase$Persistence::readMapValue (111 bytes)
Event: 7.968 Thread 0x000001ae823c7db0 1377       3       org.eclipse.osgi.container.ModuleDatabase$Persistence::readVersion (7 bytes)
Event: 7.968 Thread 0x000001ae823c6940 1379       3       org.eclipse.osgi.container.ModuleDatabase$Persistence::readMap (118 bytes)

GC Heap History (2 events):
Event: 2.773 GC heap before
{Heap before GC invocations=1 (full 0):
 PSYoungGen      total 29696K, used 25600K [0x00000000d5580000, 0x00000000d7680000, 0x0000000100000000)
  eden space 25600K, 100% used [0x00000000d5580000,0x00000000d6e80000,0x00000000d6e80000)
  from space 4096K, 0% used [0x00000000d7280000,0x00000000d7280000,0x00000000d7680000)
  to   space 4096K, 0% used [0x00000000d6e80000,0x00000000d6e80000,0x00000000d7280000)
 ParOldGen       total 68608K, used 0K [0x0000000080000000, 0x0000000084300000, 0x00000000d5580000)
  object space 68608K, 0% used [0x0000000080000000,0x0000000080000000,0x0000000084300000)
 Metaspace       used 4243K, committed 4480K, reserved 1114112K
  class space    used 465K, committed 576K, reserved 1048576K
}
Event: 2.782 GC heap after
{Heap after GC invocations=1 (full 0):
 PSYoungGen      total 29696K, used 3312K [0x00000000d5580000, 0x00000000d7680000, 0x0000000100000000)
  eden space 25600K, 0% used [0x00000000d5580000,0x00000000d5580000,0x00000000d6e80000)
  from space 4096K, 80% used [0x00000000d6e80000,0x00000000d71bc148,0x00000000d7280000)
  to   space 4096K, 0% used [0x00000000d7280000,0x00000000d7280000,0x00000000d7680000)
 ParOldGen       total 68608K, used 16K [0x0000000080000000, 0x0000000084300000, 0x00000000d5580000)
  object space 68608K, 0% used [0x0000000080000000,0x0000000080004000,0x0000000084300000)
 Metaspace       used 4243K, committed 4480K, reserved 1114112K
  class space    used 465K, committed 576K, reserved 1048576K
}

Dll operation events (8 events):
Event: 0.040 Loaded shared library c:\Users\user\.vscode\extensions\redhat.java-1.50.0-win32-x64\jre\21.0.9-win32-x86_64\bin\java.dll
Event: 0.155 Loaded shared library c:\Users\user\.vscode\extensions\redhat.java-1.50.0-win32-x64\jre\21.0.9-win32-x86_64\bin\zip.dll
Event: 0.178 Loaded shared library C:\Users\user\.vscode\extensions\redhat.java-1.50.0-win32-x64\jre\21.0.9-win32-x86_64\bin\instrument.dll
Event: 0.186 Loaded shared library C:\Users\user\.vscode\extensions\redhat.java-1.50.0-win32-x64\jre\21.0.9-win32-x86_64\bin\net.dll
Event: 0.192 Loaded shared library C:\Users\user\.vscode\extensions\redhat.java-1.50.0-win32-x64\jre\21.0.9-win32-x86_64\bin\nio.dll
Event: 0.194 Loaded shared library C:\Users\user\.vscode\extensions\redhat.java-1.50.0-win32-x64\jre\21.0.9-win32-x86_64\bin\zip.dll
Event: 0.218 Loaded shared library C:\Users\user\.vscode\extensions\redhat.java-1.50.0-win32-x64\jre\21.0.9-win32-x86_64\bin\jimage.dll
Event: 0.307 Loaded shared library c:\Users\user\.vscode\extensions\redhat.java-1.50.0-win32-x64\jre\21.0.9-win32-x86_64\bin\verify.dll

Deoptimization events (20 events):
Event: 4.951 Thread 0x000001ae294fe8c0 Uncommon trap: trap_request=0xffffff45 fr.pc=0x000001ae3430aab8 relative=0x0000000000000278
Event: 4.951 Thread 0x000001ae294fe8c0 Uncommon trap: reason=unstable_if action=reinterpret pc=0x000001ae3430aab8 method=java.util.HashMap.hash(Ljava/lang/Object;)I @ 1 c2
Event: 4.951 Thread 0x000001ae294fe8c0 DEOPT PACKING pc=0x000001ae3430aab8 sp=0x00000076a36fe770
Event: 4.951 Thread 0x000001ae294fe8c0 DEOPT UNPACKING pc=0x000001ae33ba3aa2 sp=0x00000076a36fe608 mode 2
Event: 4.953 Thread 0x000001ae294fe8c0 Uncommon trap: trap_request=0xffffff45 fr.pc=0x000001ae3430493c relative=0x000000000000027c
Event: 4.953 Thread 0x000001ae294fe8c0 Uncommon trap: reason=unstable_if action=reinterpret pc=0x000001ae3430493c method=java.util.HashMap.hash(Ljava/lang/Object;)I @ 1 c2
Event: 4.953 Thread 0x000001ae294fe8c0 DEOPT PACKING pc=0x000001ae3430493c sp=0x00000076a36fe6e0
Event: 4.953 Thread 0x000001ae294fe8c0 DEOPT UNPACKING pc=0x000001ae33ba3aa2 sp=0x00000076a36fe5e8 mode 2
Event: 4.953 Thread 0x000001ae294fe8c0 Uncommon trap: trap_request=0xffffff45 fr.pc=0x000001ae342f6650 relative=0x00000000000000b0
Event: 4.953 Thread 0x000001ae294fe8c0 Uncommon trap: reason=unstable_if action=reinterpret pc=0x000001ae342f6650 method=java.util.HashMap.hash(Ljava/lang/Object;)I @ 1 c2
Event: 4.953 Thread 0x000001ae294fe8c0 DEOPT PACKING pc=0x000001ae342f6650 sp=0x00000076a36fe790
Event: 4.953 Thread 0x000001ae294fe8c0 DEOPT UNPACKING pc=0x000001ae33ba3aa2 sp=0x00000076a36fe728 mode 2
Event: 4.953 Thread 0x000001ae294fe8c0 Uncommon trap: trap_request=0xffffffde fr.pc=0x000001ae342ee508 relative=0x0000000000000568
Event: 4.953 Thread 0x000001ae294fe8c0 Uncommon trap: reason=class_check action=maybe_recompile pc=0x000001ae342ee508 method=java.util.Collections$UnmodifiableCollection$1.<init>(Ljava/util/Collections$UnmodifiableCollection;)V @ 17 c2
Event: 4.953 Thread 0x000001ae294fe8c0 DEOPT PACKING pc=0x000001ae342ee508 sp=0x00000076a36fe7c0
Event: 4.953 Thread 0x000001ae294fe8c0 DEOPT UNPACKING pc=0x000001ae33ba3aa2 sp=0x00000076a36fe708 mode 2
Event: 6.868 Thread 0x000001ae294fe8c0 Uncommon trap: trap_request=0xffffff45 fr.pc=0x000001ae342f5478 relative=0x0000000000000198
Event: 6.868 Thread 0x000001ae294fe8c0 Uncommon trap: reason=unstable_if action=reinterpret pc=0x000001ae342f5478 method=java.lang.invoke.VarHandle.checkAccessModeThenIsDirect(Ljava/lang/invoke/VarHandle$AccessDescriptor;)Z @ 4 c2
Event: 6.869 Thread 0x000001ae294fe8c0 DEOPT PACKING pc=0x000001ae342f5478 sp=0x00000076a36fe770
Event: 6.869 Thread 0x000001ae294fe8c0 DEOPT UNPACKING pc=0x000001ae33ba3aa2 sp=0x00000076a36fe6c8 mode 2

Classes loaded (20 events):
Event: 7.939 Loading class java/util/AbstractQueue done
Event: 7.939 Loading class java/util/concurrent/SynchronousQueue done
Event: 7.939 Loading class java/util/concurrent/SynchronousQueue$Transferer
Event: 7.939 Loading class java/util/concurrent/LinkedTransferQueue
Event: 7.939 Loading class java/util/concurrent/TransferQueue
Event: 7.940 Loading class java/util/concurrent/TransferQueue done
Event: 7.940 Loading class java/util/concurrent/LinkedTransferQueue done
Event: 7.940 Loading class java/util/concurrent/SynchronousQueue$Transferer done
Event: 7.940 Loading class java/util/concurrent/LinkedTransferQueue$DualNode
Event: 7.940 Loading class java/util/concurrent/LinkedTransferQueue$DualNode done
Event: 7.941 Loading class java/util/concurrent/RejectedExecutionHandler
Event: 7.941 Loading class java/util/concurrent/RejectedExecutionHandler done
Event: 7.941 Loading class java/util/concurrent/LinkedBlockingQueue
Event: 7.941 Loading class java/util/concurrent/LinkedBlockingQueue done
Event: 7.942 Loading class java/util/concurrent/LinkedBlockingQueue$Node
Event: 7.942 Loading class java/util/concurrent/LinkedBlockingQueue$Node done
Event: 7.953 Loading class java/util/concurrent/Semaphore$NonfairSync
Event: 7.954 Loading class java/util/concurrent/Semaphore$Sync
Event: 7.954 Loading class java/util/concurrent/Semaphore$Sync done
Event: 7.954 Loading class java/util/concurrent/Semaphore$NonfairSync done

Classes unloaded (0 events):
No events

Classes redefined (0 events):
No events

Internal exceptions (20 events):
Event: 1.600 Thread 0x000001ae294fe8c0 Exception <a 'java/io/FileNotFoundException'{0x00000000d654c4a0}> (0x00000000d654c4a0) 
thrown [s\src\hotspot\share\prims\jni.cpp, line 520]
Event: 1.600 Thread 0x000001ae294fe8c0 Exception <a 'java/io/FileNotFoundException'{0x00000000d654cfe0}> (0x00000000d654cfe0) 
thrown [s\src\hotspot\share\prims\jni.cpp, line 520]
Event: 1.604 Thread 0x000001ae294fe8c0 Implicit null exception at 0x000001ae342d0d24 to 0x000001ae342d12c8
Event: 1.604 Thread 0x000001ae294fe8c0 Implicit null exception at 0x000001ae342d1fa0 to 0x000001ae342d2534
Event: 1.606 Thread 0x000001ae294fe8c0 Exception <a 'java/io/FileNotFoundException'{0x00000000d6587170}> (0x00000000d6587170) 
thrown [s\src\hotspot\share\prims\jni.cpp, line 520]
Event: 1.618 Thread 0x000001ae294fe8c0 Exception <a 'java/lang/NoSuchMethodError'{0x00000000d65c2728}: 'java.lang.Object java.lang.invoke.DirectMethodHandle$Holder.invokeInterface(java.lang.Object, java.lang.Object)'> (0x00000000d65c2728) 
thrown [s\src\hotspot\share\interpreter\linkResolver.cpp, line 773]
Event: 1.621 Thread 0x000001ae294fe8c0 Exception <a 'java/lang/NoSuchMethodError'{0x00000000d65d6198}: 'java.lang.Object java.lang.invoke.Invokers$Holder.invokeExact_MT(java.lang.Object, java.lang.Object, java.lang.Object, java.lang.Object, java.lang.Object, java.lang.Object)'> (0x00000000d65d6198) 
thrown [s\src\hotspot\share\interpreter\linkResolver.cpp, line 773]
Event: 1.623 Thread 0x000001ae294fe8c0 Exception <a 'java/lang/NoSuchMethodError'{0x00000000d65ed270}: 'int java.lang.invoke.DirectMethodHandle$Holder.invokeStatic(java.lang.Object, java.lang.Object, java.lang.Object, java.lang.Object, java.lang.Object)'> (0x00000000d65ed270) 
thrown [s\src\hotspot\share\interpreter\linkResolver.cpp, line 773]
Event: 1.640 Thread 0x000001ae294fe8c0 Exception <a 'java/lang/NoSuchMethodError'{0x00000000d6682ca0}: 'java.lang.Object java.lang.invoke.DirectMethodHandle$Holder.invokeInterface(java.lang.Object, java.lang.Object, int)'> (0x00000000d6682ca0) 
thrown [s\src\hotspot\share\interpreter\linkResolver.cpp, line 773]
Event: 2.742 Thread 0x000001ae294fe8c0 Exception <a 'java/lang/NoSuchMethodError'{0x00000000d6aee5a8}: 'java.lang.ClassLoader java.lang.ClassLoader.getPlatformClassLoader(java.lang.Class)'> (0x00000000d6aee5a8) 
thrown [s\src\hotspot\share\interpreter\linkResolver.cpp, line 773]
Event: 3.796 Thread 0x000001ae294fe8c0 Exception <a 'java/lang/ClassNotFoundException'{0x00000000d564ac80}: sun/net/www/protocol/c/Handler> (0x00000000d564ac80) 
thrown [s\src\hotspot\share\classfile\systemDictionary.cpp, line 312]
Event: 3.798 Thread 0x000001ae294fe8c0 Exception <a 'java/lang/ClassNotFoundException'{0x00000000d564c008}: sun/net/www/protocol/c/Handler> (0x00000000d564c008) 
thrown [s\src\hotspot\share\classfile\systemDictionary.cpp, line 312]
Event: 3.799 Thread 0x000001ae294fe8c0 Exception <a 'java/lang/ClassNotFoundException'{0x00000000d564d1c8}: sun/net/www/protocol/c/Handler> (0x00000000d564d1c8) 
thrown [s\src\hotspot\share\classfile\systemDictionary.cpp, line 312]
Event: 4.921 Thread 0x000001ae294fe8c0 Exception <a 'java/io/FileNotFoundException'{0x00000000d5675880}> (0x00000000d5675880) 
thrown [s\src\hotspot\share\prims\jni.cpp, line 520]
Event: 4.951 Thread 0x000001ae294fe8c0 Implicit null exception at 0x000001ae343051a9 to 0x000001ae34305a1c
Event: 4.951 Thread 0x000001ae294fe8c0 Implicit null exception at 0x000001ae3430a89a to 0x000001ae3430aaa0
Event: 4.951 Thread 0x000001ae294fe8c0 Exception <a 'java/lang/NoSuchMethodError'{0x00000000d57a55c0}: 'void java.lang.invoke.DirectMethodHandle$Holder.invokeStatic(java.lang.Object, java.lang.Object, java.lang.Object, java.lang.Object)'> (0x00000000d57a55c0) 
thrown [s\src\hotspot\share\interpreter\linkResolver.cpp, line 773]
Event: 4.953 Thread 0x000001ae294fe8c0 Implicit null exception at 0x000001ae3430471a to 0x000001ae34304924
Event: 4.953 Thread 0x000001ae294fe8c0 Implicit null exception at 0x000001ae342f65bd to 0x000001ae342f6641
Event: 7.911 Thread 0x000001ae294fe8c0 Exception <a 'java/lang/NoSuchMethodError'{0x00000000d5aa3628}: 'void java.lang.invoke.DirectMethodHandle$Holder.invokeSpecial(java.lang.Object, java.lang.Object, java.lang.Object)'> (0x00000000d5aa3628) 
thrown [s\src\hotspot\share\interpreter\linkResolver.cpp, line 773]

ZGC Phase Switch (0 events):
No events

VM Operations (20 events):
Event: 0.151 Executing VM operation: HandshakeAllThreads (Deoptimize) done
Event: 0.241 Executing VM operation: HandshakeAllThreads (Deoptimize)
Event: 0.241 Executing VM operation: HandshakeAllThreads (Deoptimize) done
Event: 0.560 Executing VM operation: HandshakeAllThreads (Deoptimize)
Event: 0.560 Executing VM operation: HandshakeAllThreads (Deoptimize) done
Event: 0.574 Executing VM operation: HandshakeAllThreads (Deoptimize)
Event: 0.574 Executing VM operation: HandshakeAllThreads (Deoptimize) done
Event: 1.588 Executing VM operation: Cleanup
Event: 1.588 Executing VM operation: Cleanup done
Event: 2.773 Executing VM operation: ParallelGCFailedAllocation (Allocation Failure)
Event: 2.782 Executing VM operation: ParallelGCFailedAllocation (Allocation Failure) done
Event: 3.795 Executing VM operation: Cleanup
Event: 3.795 Executing VM operation: Cleanup done
Event: 5.819 Executing VM operation: Cleanup
Event: 5.819 Executing VM operation: Cleanup done
Event: 6.822 Executing VM operation: Cleanup
Event: 6.822 Executing VM operation: Cleanup done
Event: 7.831 Executing VM operation: Cleanup
Event: 7.909 Executing VM operation: Cleanup done
Event: 8.923 Executing VM operation: Cleanup

Memory protections (0 events):
No events

Nmethod flushes (0 events):
No events

Events (17 events):
Event: 0.087 Thread 0x000001ae294fe8c0 Thread added: 0x000001ae294fe8c0
Event: 0.120 Thread 0x000001ae294fe8c0 Thread added: 0x000001ae295a4150
Event: 0.120 Thread 0x000001ae294fe8c0 Thread added: 0x000001ae295a75d0
Event: 0.121 Thread 0x000001ae294fe8c0 Thread added: 0x000001ae295aada0
Event: 0.121 Thread 0x000001ae294fe8c0 Thread added: 0x000001ae295ab9f0
Event: 0.121 Thread 0x000001ae294fe8c0 Thread added: 0x000001ae295afab0
Event: 0.121 Thread 0x000001ae294fe8c0 Thread added: 0x000001ae295b72e0
Event: 0.121 Thread 0x000001ae294fe8c0 Thread added: 0x000001ae823c5e60
Event: 0.121 Thread 0x000001ae294fe8c0 Thread added: 0x000001ae823c7db0
Event: 0.126 Thread 0x000001ae823c7db0 Thread added: 0x000001ae823c9fc0
Event: 0.179 Thread 0x000001ae294fe8c0 Thread added: 0x000001ae825a7f50
Event: 0.395 Thread 0x000001ae294fe8c0 Thread added: 0x000001ae88014a10
Event: 6.643 Thread 0x000001ae823c9fc0 Thread exited: 0x000001ae823c9fc0
Event: 6.876 Thread 0x000001ae823c7db0 Thread added: 0x000001ae823c6940
Event: 6.878 Thread 0x000001ae823c6940 Thread added: 0x000001ae823c7010
Event: 6.879 Thread 0x000001ae823c7db0 Thread added: 0x000001ae823c9fc0
Event: 6.879 Thread 0x000001ae823c6940 Thread added: 0x000001ae823c8b50


Dynamic libraries:
0x00007ff648010000 - 0x00007ff64801e000 	c:\Users\user\.vscode\extensions\redhat.java-1.50.0-win32-x64\jre\21.0.9-win32-x86_64\bin\java.exe
0x00007ffc94dc0000 - 0x00007ffc95028000 	C:\WINDOWS\SYSTEM32\ntdll.dll
0x00007ffc933a0000 - 0x00007ffc93469000 	C:\WINDOWS\System32\KERNEL32.DLL
0x00007ffc91f10000 - 0x00007ffc92308000 	C:\WINDOWS\System32\KERNELBASE.dll
0x00007ffc923d0000 - 0x00007ffc9251b000 	C:\WINDOWS\System32\ucrtbase.dll
0x00007ffc407e0000 - 0x00007ffc407fe000 	c:\Users\user\.vscode\extensions\redhat.java-1.50.0-win32-x64\jre\21.0.9-win32-x86_64\bin\VCRUNTIME140.dll
0x00007ffc3b6b0000 - 0x00007ffc3b6c8000 	c:\Users\user\.vscode\extensions\redhat.java-1.50.0-win32-x64\jre\21.0.9-win32-x86_64\bin\jli.dll
0x00007ffc92cb0000 - 0x00007ffc92e77000 	C:\WINDOWS\System32\USER32.dll
0x00007ffc765e0000 - 0x00007ffc76874000 	C:\WINDOWS\WinSxS\amd64_microsoft.windows.common-controls_6595b64144ccf1df_6.0.26100.7019_none_3e06ffa0e335b8a8\COMCTL32.dll
0x00007ffc92a80000 - 0x00007ffc92aa7000 	C:\WINDOWS\System32\win32u.dll
0x00007ffc93770000 - 0x00007ffc9379b000 	C:\WINDOWS\System32\GDI32.dll
0x00007ffc93260000 - 0x00007ffc93309000 	C:\WINDOWS\System32\msvcrt.dll
0x00007ffc92690000 - 0x00007ffc927bc000 	C:\WINDOWS\System32\gdi32full.dll
0x00007ffc92ab0000 - 0x00007ffc92b53000 	C:\WINDOWS\System32\msvcp_win.dll
0x00007ffc92e80000 - 0x00007ffc92eb1000 	C:\WINDOWS\System32\IMM32.DLL
0x00007ffc56860000 - 0x00007ffc5686c000 	c:\Users\user\.vscode\extensions\redhat.java-1.50.0-win32-x64\jre\21.0.9-win32-x86_64\bin\vcruntime140_1.dll
0x00007ffc301d0000 - 0x00007ffc3025d000 	c:\Users\user\.vscode\extensions\redhat.java-1.50.0-win32-x64\jre\21.0.9-win32-x86_64\bin\msvcp140.dll
0x00007ffbd2ef0000 - 0x00007ffbd3c90000 	c:\Users\user\.vscode\extensions\redhat.java-1.50.0-win32-x64\jre\21.0.9-win32-x86_64\bin\server\jvm.dll
0x00007ffc931a0000 - 0x00007ffc93254000 	C:\WINDOWS\System32\ADVAPI32.dll
0x00007ffc940a0000 - 0x00007ffc94146000 	C:\WINDOWS\System32\sechost.dll
0x00007ffc935d0000 - 0x00007ffc936e8000 	C:\WINDOWS\System32\RPCRT4.dll
0x00007ffc936f0000 - 0x00007ffc93764000 	C:\WINDOWS\System32\WS2_32.dll
0x00007ffc90b30000 - 0x00007ffc90b8e000 	C:\WINDOWS\SYSTEM32\POWRPROF.dll
0x00007ffc83760000 - 0x00007ffc83795000 	C:\WINDOWS\SYSTEM32\WINMM.dll
0x00007ffc8a4b0000 - 0x00007ffc8a4bb000 	C:\WINDOWS\SYSTEM32\VERSION.dll
0x00007ffc90b10000 - 0x00007ffc90b24000 	C:\WINDOWS\SYSTEM32\UMPDC.dll
0x00007ffc90df0000 - 0x00007ffc90e0b000 	C:\WINDOWS\SYSTEM32\kernel.appcore.dll
0x00007ffc48450000 - 0x00007ffc4845a000 	c:\Users\user\.vscode\extensions\redhat.java-1.50.0-win32-x64\jre\21.0.9-win32-x86_64\bin\jimage.dll
0x00007ffc8f700000 - 0x00007ffc8f942000 	C:\WINDOWS\SYSTEM32\DBGHELP.DLL
0x00007ffc94820000 - 0x00007ffc94bab000 	C:\WINDOWS\System32\combase.dll
0x00007ffc92bd0000 - 0x00007ffc92ca7000 	C:\WINDOWS\System32\OLEAUT32.dll
0x00007ffc85930000 - 0x00007ffc8596c000 	C:\WINDOWS\SYSTEM32\dbgcore.DLL
0x00007ffc929d0000 - 0x00007ffc92a75000 	C:\WINDOWS\System32\bcryptPrimitives.dll
0x00007ffc483b0000 - 0x00007ffc483bf000 	c:\Users\user\.vscode\extensions\redhat.java-1.50.0-win32-x64\jre\21.0.9-win32-x86_64\bin\instrument.dll
0x00007ffc3ac30000 - 0x00007ffc3ac50000 	c:\Users\user\.vscode\extensions\redhat.java-1.50.0-win32-x64\jre\21.0.9-win32-x86_64\bin\java.dll
0x00007ffc93940000 - 0x00007ffc9408f000 	C:\WINDOWS\System32\SHELL32.dll
0x00007ffc92520000 - 0x00007ffc9268b000 	C:\WINDOWS\System32\wintypes.dll
0x00007ffc8fb30000 - 0x00007ffc9038d000 	C:\WINDOWS\SYSTEM32\windows.storage.dll
0x00007ffc92ec0000 - 0x00007ffc92fb2000 	C:\WINDOWS\System32\SHCORE.dll
0x00007ffc94150000 - 0x00007ffc941b7000 	C:\WINDOWS\System32\shlwapi.dll
0x00007ffc91e30000 - 0x00007ffc91e59000 	C:\WINDOWS\SYSTEM32\profapi.dll
0x00007ffc36bf0000 - 0x00007ffc36c08000 	c:\Users\user\.vscode\extensions\redhat.java-1.50.0-win32-x64\jre\21.0.9-win32-x86_64\bin\zip.dll
0x00007ffc480d0000 - 0x00007ffc480e0000 	C:\Users\user\.vscode\extensions\redhat.java-1.50.0-win32-x64\jre\21.0.9-win32-x86_64\bin\net.dll
0x00007ffc8a940000 - 0x00007ffc8aa68000 	C:\WINDOWS\SYSTEM32\WINHTTP.dll
0x00007ffc91360000 - 0x00007ffc913cb000 	C:\WINDOWS\system32\mswsock.dll
0x00007ffc36bb0000 - 0x00007ffc36bc6000 	C:\Users\user\.vscode\extensions\redhat.java-1.50.0-win32-x64\jre\21.0.9-win32-x86_64\bin\nio.dll
0x00007ffc46da0000 - 0x00007ffc46db0000 	c:\Users\user\.vscode\extensions\redhat.java-1.50.0-win32-x64\jre\21.0.9-win32-x86_64\bin\verify.dll

JVMTI agents:
c:\Users\user\.vscode\extensions\redhat.java-1.50.0-win32-x64\lombok\lombok-1.18.39-4050.jar path:c:\Users\user\.vscode\extensions\redhat.java-1.50.0-win32-x64\jre\21.0.9-win32-x86_64\bin\instrument.dll, loaded, initialized, instrumentlib options:none

dbghelp: loaded successfully - version: 4.0.5 - missing functions: none
symbol engine: initialized successfully - sym options: 0x614 - pdb path: .;c:\Users\user\.vscode\extensions\redhat.java-1.50.0-win32-x64\jre\21.0.9-win32-x86_64\bin;C:\WINDOWS\SYSTEM32;C:\WINDOWS\WinSxS\amd64_microsoft.windows.common-controls_6595b64144ccf1df_6.0.26100.7019_none_3e06ffa0e335b8a8;c:\Users\user\.vscode\extensions\redhat.java-1.50.0-win32-x64\jre\21.0.9-win32-x86_64\bin\server

VM Arguments:
jvm_args: --add-modules=ALL-SYSTEM --add-opens=java.base/java.util=ALL-UNNAMED --add-opens=java.base/java.lang=ALL-UNNAMED --add-opens=java.base/sun.nio.fs=ALL-UNNAMED -Declipse.application=org.eclipse.jdt.ls.core.id1 -Dosgi.bundles.defaultStartLevel=4 -Declipse.product=org.eclipse.jdt.ls.core.product -Djava.import.generatesMetadataFilesAtProjectRoot=false -DDetectVMInstallationsJob.disabled=true -Dfile.encoding=utf8 -XX:+UseParallelGC -XX:GCTimeRatio=4 -XX:AdaptiveSizePolicyWeight=90 -Dsun.zip.disableMemoryMapping=true -Xmx2G -Xms100m -Xlog:disable -javaagent:c:\Users\user\.vscode\extensions\redhat.java-1.50.0-win32-x64\lombok\lombok-1.18.39-4050.jar -XX:+HeapDumpOnOutOfMemoryError -XX:HeapDumpPath=c:\Users\user\AppData\Roaming\Code\User\workspaceStorage\518df08ae5ceb653414f8d346aa31cc3\redhat.java -Daether.dependencyCollector.impl=bf 
java_command: c:\Users\user\.vscode\extensions\redhat.java-1.50.0-win32-x64\server\plugins\org.eclipse.equinox.launcher_1.7.100.v20251111-0406.jar -configuration c:\Users\user\AppData\Roaming\Code\User\globalStorage\redhat.java\1.50.0\config_win -data c:\Users\user\AppData\Roaming\Code\User\workspaceStorage\518df08ae5ceb653414f8d346aa31cc3\redhat.java\jdt_ws --pipe=\\.\pipe\lsp-bd4aaeab19becfb8f1c973837537791a-sock
java_class_path (initial): c:\Users\user\.vscode\extensions\redhat.java-1.50.0-win32-x64\server\plugins\org.eclipse.equinox.launcher_1.7.100.v20251111-0406.jar
Launcher Type: SUN_STANDARD

[Global flags]
    uintx AdaptiveSizePolicyWeight                 = 90                                        {product} {command line}
     intx CICompilerCount                          = 12                                        {product} {ergonomic}
    uintx GCTimeRatio                              = 4                                         {product} {command line}
     bool HeapDumpOnOutOfMemoryError               = true                                   {manageable} {command line}
    ccstr HeapDumpPath                             = c:\Users\user\AppData\Roaming\Code\User\workspaceStorage\518df08ae5ceb653414f8d346aa31cc3\redhat.java         {manageable} {command line}
   size_t InitialHeapSize                          = 104857600                                 {product} {command line}
   size_t MaxHeapSize                              = 2147483648                                {product} {command line}
   size_t MaxNewSize                               = 715653120                                 {product} {ergonomic}
   size_t MinHeapDeltaBytes                        = 524288                                    {product} {ergonomic}
   size_t MinHeapSize                              = 104857600                                 {product} {command line}
   size_t NewSize                                  = 34603008                                  {product} {ergonomic}
    uintx NonNMethodCodeHeapSize                   = 7602480                                {pd product} {ergonomic}
    uintx NonProfiledCodeHeapSize                  = 122027880                              {pd product} {ergonomic}
   size_t OldSize                                  = 70254592                                  {product} {ergonomic}
    uintx ProfiledCodeHeapSize                     = 122027880                              {pd product} {ergonomic}
    uintx ReservedCodeCacheSize                    = 251658240                              {pd product} {ergonomic}
     bool SegmentedCodeCache                       = true                                      {product} {ergonomic}
   size_t SoftMaxHeapSize                          = 2147483648                             {manageable} {ergonomic}
     bool UseCompressedOops                        = true                           {product lp64_product} {ergonomic}
     bool UseLargePagesIndividualAllocation        = false                                  {pd product} {ergonomic}
     bool UseParallelGC                            = true                                      {product} {command line}

Logging:
Log output configuration:
 #0: stdout all=off uptime,level,tags foldmultilines=false
 #1: stderr all=off uptime,level,tags foldmultilines=false

Release file:
JAVA_VERSION="21.0.9" 
MODULES="java.base java.compiler java.datatransfer java.xml java.prefs java.desktop java.instrument java.logging java.management java.security.sasl java.naming java.rmi java.management.rmi java.net.http java.scripting java.security.jgss java.transaction.xa java.sql java.sql.rowset java.xml.crypto java.se java.smartcardio jdk.accessibility jdk.internal.jvmstat jdk.attach jdk.charsets jdk.internal.opt jdk.zipfs jdk.compiler jdk.crypto.ec jdk.crypto.cryptoki jdk.crypto.mscapi jdk.dynalink jdk.internal.ed jdk.editpad jdk.hotspot.agent jdk.httpserver jdk.internal.le jdk.internal.vm.ci jdk.internal.vm.compiler jdk.internal.vm.compiler.management jdk.jartool jdk.javadoc jdk.jcmd jdk.management jdk.management.agent jdk.jconsole jdk.jdeps jdk.jdwp.agent jdk.jdi jdk.jfr jdk.jshell jdk.jsobject jdk.jstatd jdk.localedata jdk.management.jfr jdk.naming.dns jdk.naming.rmi jdk.net jdk.nio.mapmode jdk.random jdk.sctp jdk.security.auth jdk.security.jgss jdk.unsupported jdk.unsupported.desktop jdk.xml.dom" 

Environment Variables:
PATH=C:\Program Files\Eclipse Adoptium\jdk-21.0.4.7-hotspot\bin;C:\Windows\system32;C:\Windows;C:\Windows\System32\Wbem;C:\Windows\System32\WindowsPowerShell\v1.0\;C:\Windows\System32\OpenSSH\;C:\Program Files (x86)\NVIDIA Corporation\PhysX\Common;C:\ProgramData\chocolatey\bin;C:\Users\user\AppData\Local\Programs\Python\Python312;C:\Users\user\AppData\Local\Programs\Python\Python312\Scripts;C:\Program Files\Git\cmd;C:\ProgramData\Microsoft\Windows\Start Menu\Programs\Git;C:\Program Files\NVIDIA Corporation\NVIDIA app\NvDLISR;C:\Users\user\Downloads\apache-maven-3.9.9-bin\apache-maven-3.9.9\bin;C:\Users\user\AppData\Roaming\nvm;C:\Program Files\nodejs;C:\Program Files\nodejs\;C:\WINDOWS\system32;C:\WINDOWS;C:\WINDOWS\System32\Wbem;C:\WINDOWS\System32\WindowsPowerShell\v1.0\;C:\WINDOWS\System32\OpenSSH\;C:\Program Files\dotnet\;C:\Program Files\MySQL\MySQL Shell 8.0\bin\;C:\Users\user\AppData\Local\Programs\Python\Launcher\;C:\Users\user\AppData\Local\Microsoft\WindowsApps;C:\Users\user\AppData\Local\Programs\Microsoft VS Code\bin;C:\Users\user\AppData\Local\Programs\Python\Python312;C:\Users\user\AppData\Local\Microsoft\WinGet\Packages\Schniz.fnm_Microsoft.Winget.Source_8wekyb3d8bbwe;C:\Users\user\AppData\Roaming\Microsoft\Windows\Start Menu\Programs\Python 3.12;C:\Users\user\AppData\Local\Programs\Python\Python312\Scripts;C:\ProgramData\Microsoft\Windows\Start Menu\Programs\Git;C:\Users\user\Downloads\apache-maven-3.9.9-bin\apache-maven-3.9.9\lib;C:\Users\user\AppData\Roaming\nvm;C:\Program Files\nodejs;C:\Users\user\AppData\Roaming\npm;
USERNAME=user
OS=Windows_NT
PROCESSOR_IDENTIFIER=Intel64 Family 6 Model 154 Stepping 3, GenuineIntel
TMP=C:\Users\user\AppData\Local\Temp
TEMP=C:\Users\user\AppData\Local\Temp




Periodic native trim disabled

---------------  S Y S T E M  ---------------

OS:
 Windows 11 , 64 bit Build 26100 (10.0.26100.7019)
OS uptime: 13 days 22:49 hours
Hyper-V role detected

CPU: total 16 (initial active 16) (8 cores per cpu, 2 threads per core) family 6 model 154 stepping 3 microcode 0x424, cx8, cmov, fxsr, ht, mmx, 3dnowpref, sse, sse2, sse3, ssse3, sse4.1, sse4.2, popcnt, lzcnt, tsc, tscinvbit, avx, avx2, aes, erms, clmul, bmi1, bmi2, adx, sha, fma, vzeroupper, clflush, clflushopt, clwb, hv, serialize, rdtscp, rdpid, fsrm, f16c, cet_ibt, cet_ss
Processor Information for the first 16 processors :
  Max Mhz: 2300, Current Mhz: 2300, Mhz Limit: 2300

Memory: 4k page, system-wide physical 7896M (558M free)
TotalPageFile size 32472M (AvailPageFile size 112M)
current process WorkingSet (physical memory assigned to process): 64M, peak: 77M
current process commit charge ("private bytes"): 252M, peak: 253M

vm_info: OpenJDK 64-Bit Server VM (21.0.9+10-LTS) for windows-amd64 JRE (21.0.9+10-LTS), built on 2025-10-21T00:00:00Z by "admin" with unknown MS VC++:1942

END.
